<?xml version="1.0"?>
<link_info>
   <banner>MSP430 Linker PC v4.3.3</banner>
   <copyright>Copyright (c) 2003-2014 Texas Instruments Incorporated</copyright>
   <link_time>0x547e4679</link_time>
   <link_errors>0x0</link_errors>
   <output_file>MAIN_v1.out</output_file>
   <entry_point>
      <name>_c_int00</name>
      <address>0x2160</address>
   </entry_point>
   <input_file_list>
      <input_file id="fl-2">
         <path>.\</path>
         <kind>object</kind>
         <file>auxiliary.obj</file>
         <name>auxiliary.obj</name>
      </input_file>
      <input_file id="fl-3">
         <path>.\</path>
         <kind>object</kind>
         <file>ble.obj</file>
         <name>ble.obj</name>
      </input_file>
      <input_file id="fl-4">
         <path>.\</path>
         <kind>object</kind>
         <file>eeprom.obj</file>
         <name>eeprom.obj</name>
      </input_file>
      <input_file id="fl-5">
         <path>.\</path>
         <kind>object</kind>
         <file>fm.obj</file>
         <name>fm.obj</name>
      </input_file>
      <input_file id="fl-6">
         <path>.\</path>
         <kind>object</kind>
         <file>i2c.obj</file>
         <name>i2c.obj</name>
      </input_file>
      <input_file id="fl-7">
         <path>.\</path>
         <kind>object</kind>
         <file>interrupts.obj</file>
         <name>interrupts.obj</name>
      </input_file>
      <input_file id="fl-8">
         <path>.\</path>
         <kind>object</kind>
         <file>main.obj</file>
         <name>main.obj</name>
      </input_file>
      <input_file id="fl-9">
         <path>.\</path>
         <kind>object</kind>
         <file>sensors.obj</file>
         <name>sensors.obj</name>
      </input_file>
      <input_file id="fl-a">
         <path>.\</path>
         <kind>object</kind>
         <file>spi.obj</file>
         <name>spi.obj</name>
      </input_file>
      <input_file id="fl-b">
         <path>.\</path>
         <kind>object</kind>
         <file>uart.obj</file>
         <name>uart.obj</name>
      </input_file>
      <input_file id="fl-39">
         <path>c:\ti\ccsv6\tools\compiler\msp430_4.3.3\lib\</path>
         <kind>archive</kind>
         <file>rts430x_lc_rd_eabi.lib</file>
         <name>boot.obj</name>
      </input_file>
      <input_file id="fl-3a">
         <path>c:\ti\ccsv6\tools\compiler\msp430_4.3.3\lib\</path>
         <kind>archive</kind>
         <file>rts430x_lc_rd_eabi.lib</file>
         <name>copy_decompress_none.obj</name>
      </input_file>
      <input_file id="fl-3b">
         <path>c:\ti\ccsv6\tools\compiler\msp430_4.3.3\lib\</path>
         <kind>archive</kind>
         <file>rts430x_lc_rd_eabi.lib</file>
         <name>copy_decompress_rle.obj</name>
      </input_file>
      <input_file id="fl-3c">
         <path>c:\ti\ccsv6\tools\compiler\msp430_4.3.3\lib\</path>
         <kind>archive</kind>
         <file>rts430x_lc_rd_eabi.lib</file>
         <name>copy_zero_init.obj</name>
      </input_file>
      <input_file id="fl-3d">
         <path>c:\ti\ccsv6\tools\compiler\msp430_4.3.3\lib\</path>
         <kind>archive</kind>
         <file>rts430x_lc_rd_eabi.lib</file>
         <name>cvtfd.obj</name>
      </input_file>
      <input_file id="fl-3e">
         <path>c:\ti\ccsv6\tools\compiler\msp430_4.3.3\lib\</path>
         <kind>archive</kind>
         <file>rts430x_lc_rd_eabi.lib</file>
         <name>exit.obj</name>
      </input_file>
      <input_file id="fl-3f">
         <path>c:\ti\ccsv6\tools\compiler\msp430_4.3.3\lib\</path>
         <kind>archive</kind>
         <file>rts430x_lc_rd_eabi.lib</file>
         <name>fclose.obj</name>
      </input_file>
      <input_file id="fl-40">
         <path>c:\ti\ccsv6\tools\compiler\msp430_4.3.3\lib\</path>
         <kind>archive</kind>
         <file>rts430x_lc_rd_eabi.lib</file>
         <name>fflush.obj</name>
      </input_file>
      <input_file id="fl-41">
         <path>c:\ti\ccsv6\tools\compiler\msp430_4.3.3\lib\</path>
         <kind>archive</kind>
         <file>rts430x_lc_rd_eabi.lib</file>
         <name>fopen.obj</name>
      </input_file>
      <input_file id="fl-42">
         <path>c:\ti\ccsv6\tools\compiler\msp430_4.3.3\lib\</path>
         <kind>archive</kind>
         <file>rts430x_lc_rd_eabi.lib</file>
         <name>fprintf.obj</name>
      </input_file>
      <input_file id="fl-43">
         <path>c:\ti\ccsv6\tools\compiler\msp430_4.3.3\lib\</path>
         <kind>archive</kind>
         <file>rts430x_lc_rd_eabi.lib</file>
         <name>fputc.obj</name>
      </input_file>
      <input_file id="fl-44">
         <path>c:\ti\ccsv6\tools\compiler\msp430_4.3.3\lib\</path>
         <kind>archive</kind>
         <file>rts430x_lc_rd_eabi.lib</file>
         <name>fputs.obj</name>
      </input_file>
      <input_file id="fl-45">
         <path>c:\ti\ccsv6\tools\compiler\msp430_4.3.3\lib\</path>
         <kind>archive</kind>
         <file>rts430x_lc_rd_eabi.lib</file>
         <name>fs_div.obj</name>
      </input_file>
      <input_file id="fl-46">
         <path>c:\ti\ccsv6\tools\compiler\msp430_4.3.3\lib\</path>
         <kind>archive</kind>
         <file>rts430x_lc_rd_eabi.lib</file>
         <name>fs_itof.obj</name>
      </input_file>
      <input_file id="fl-47">
         <path>c:\ti\ccsv6\tools\compiler\msp430_4.3.3\lib\</path>
         <kind>archive</kind>
         <file>rts430x_lc_rd_eabi.lib</file>
         <name>int00.obj</name>
      </input_file>
      <input_file id="fl-48">
         <path>c:\ti\ccsv6\tools\compiler\msp430_4.3.3\lib\</path>
         <kind>archive</kind>
         <file>rts430x_lc_rd_eabi.lib</file>
         <name>int01.obj</name>
      </input_file>
      <input_file id="fl-49">
         <path>c:\ti\ccsv6\tools\compiler\msp430_4.3.3\lib\</path>
         <kind>archive</kind>
         <file>rts430x_lc_rd_eabi.lib</file>
         <name>int02.obj</name>
      </input_file>
      <input_file id="fl-4a">
         <path>c:\ti\ccsv6\tools\compiler\msp430_4.3.3\lib\</path>
         <kind>archive</kind>
         <file>rts430x_lc_rd_eabi.lib</file>
         <name>int03.obj</name>
      </input_file>
      <input_file id="fl-4b">
         <path>c:\ti\ccsv6\tools\compiler\msp430_4.3.3\lib\</path>
         <kind>archive</kind>
         <file>rts430x_lc_rd_eabi.lib</file>
         <name>int04.obj</name>
      </input_file>
      <input_file id="fl-4c">
         <path>c:\ti\ccsv6\tools\compiler\msp430_4.3.3\lib\</path>
         <kind>archive</kind>
         <file>rts430x_lc_rd_eabi.lib</file>
         <name>int05.obj</name>
      </input_file>
      <input_file id="fl-4d">
         <path>c:\ti\ccsv6\tools\compiler\msp430_4.3.3\lib\</path>
         <kind>archive</kind>
         <file>rts430x_lc_rd_eabi.lib</file>
         <name>int06.obj</name>
      </input_file>
      <input_file id="fl-4e">
         <path>c:\ti\ccsv6\tools\compiler\msp430_4.3.3\lib\</path>
         <kind>archive</kind>
         <file>rts430x_lc_rd_eabi.lib</file>
         <name>int07.obj</name>
      </input_file>
      <input_file id="fl-4f">
         <path>c:\ti\ccsv6\tools\compiler\msp430_4.3.3\lib\</path>
         <kind>archive</kind>
         <file>rts430x_lc_rd_eabi.lib</file>
         <name>int08.obj</name>
      </input_file>
      <input_file id="fl-50">
         <path>c:\ti\ccsv6\tools\compiler\msp430_4.3.3\lib\</path>
         <kind>archive</kind>
         <file>rts430x_lc_rd_eabi.lib</file>
         <name>int09.obj</name>
      </input_file>
      <input_file id="fl-51">
         <path>c:\ti\ccsv6\tools\compiler\msp430_4.3.3\lib\</path>
         <kind>archive</kind>
         <file>rts430x_lc_rd_eabi.lib</file>
         <name>int10.obj</name>
      </input_file>
      <input_file id="fl-52">
         <path>c:\ti\ccsv6\tools\compiler\msp430_4.3.3\lib\</path>
         <kind>archive</kind>
         <file>rts430x_lc_rd_eabi.lib</file>
         <name>int11.obj</name>
      </input_file>
      <input_file id="fl-53">
         <path>c:\ti\ccsv6\tools\compiler\msp430_4.3.3\lib\</path>
         <kind>archive</kind>
         <file>rts430x_lc_rd_eabi.lib</file>
         <name>int12.obj</name>
      </input_file>
      <input_file id="fl-54">
         <path>c:\ti\ccsv6\tools\compiler\msp430_4.3.3\lib\</path>
         <kind>archive</kind>
         <file>rts430x_lc_rd_eabi.lib</file>
         <name>int13.obj</name>
      </input_file>
      <input_file id="fl-55">
         <path>c:\ti\ccsv6\tools\compiler\msp430_4.3.3\lib\</path>
         <kind>archive</kind>
         <file>rts430x_lc_rd_eabi.lib</file>
         <name>int14.obj</name>
      </input_file>
      <input_file id="fl-56">
         <path>c:\ti\ccsv6\tools\compiler\msp430_4.3.3\lib\</path>
         <kind>archive</kind>
         <file>rts430x_lc_rd_eabi.lib</file>
         <name>int15.obj</name>
      </input_file>
      <input_file id="fl-57">
         <path>c:\ti\ccsv6\tools\compiler\msp430_4.3.3\lib\</path>
         <kind>archive</kind>
         <file>rts430x_lc_rd_eabi.lib</file>
         <name>int16.obj</name>
      </input_file>
      <input_file id="fl-58">
         <path>c:\ti\ccsv6\tools\compiler\msp430_4.3.3\lib\</path>
         <kind>archive</kind>
         <file>rts430x_lc_rd_eabi.lib</file>
         <name>int18.obj</name>
      </input_file>
      <input_file id="fl-59">
         <path>c:\ti\ccsv6\tools\compiler\msp430_4.3.3\lib\</path>
         <kind>archive</kind>
         <file>rts430x_lc_rd_eabi.lib</file>
         <name>int19.obj</name>
      </input_file>
      <input_file id="fl-5a">
         <path>c:\ti\ccsv6\tools\compiler\msp430_4.3.3\lib\</path>
         <kind>archive</kind>
         <file>rts430x_lc_rd_eabi.lib</file>
         <name>int20.obj</name>
      </input_file>
      <input_file id="fl-5b">
         <path>c:\ti\ccsv6\tools\compiler\msp430_4.3.3\lib\</path>
         <kind>archive</kind>
         <file>rts430x_lc_rd_eabi.lib</file>
         <name>int21.obj</name>
      </input_file>
      <input_file id="fl-5c">
         <path>c:\ti\ccsv6\tools\compiler\msp430_4.3.3\lib\</path>
         <kind>archive</kind>
         <file>rts430x_lc_rd_eabi.lib</file>
         <name>int22.obj</name>
      </input_file>
      <input_file id="fl-5d">
         <path>c:\ti\ccsv6\tools\compiler\msp430_4.3.3\lib\</path>
         <kind>archive</kind>
         <file>rts430x_lc_rd_eabi.lib</file>
         <name>int24.obj</name>
      </input_file>
      <input_file id="fl-5e">
         <path>c:\ti\ccsv6\tools\compiler\msp430_4.3.3\lib\</path>
         <kind>archive</kind>
         <file>rts430x_lc_rd_eabi.lib</file>
         <name>int26.obj</name>
      </input_file>
      <input_file id="fl-5f">
         <path>c:\ti\ccsv6\tools\compiler\msp430_4.3.3\lib\</path>
         <kind>archive</kind>
         <file>rts430x_lc_rd_eabi.lib</file>
         <name>int27.obj</name>
      </input_file>
      <input_file id="fl-60">
         <path>c:\ti\ccsv6\tools\compiler\msp430_4.3.3\lib\</path>
         <kind>archive</kind>
         <file>rts430x_lc_rd_eabi.lib</file>
         <name>int28.obj</name>
      </input_file>
      <input_file id="fl-61">
         <path>c:\ti\ccsv6\tools\compiler\msp430_4.3.3\lib\</path>
         <kind>archive</kind>
         <file>rts430x_lc_rd_eabi.lib</file>
         <name>int29.obj</name>
      </input_file>
      <input_file id="fl-62">
         <path>c:\ti\ccsv6\tools\compiler\msp430_4.3.3\lib\</path>
         <kind>archive</kind>
         <file>rts430x_lc_rd_eabi.lib</file>
         <name>int30.obj</name>
      </input_file>
      <input_file id="fl-63">
         <path>c:\ti\ccsv6\tools\compiler\msp430_4.3.3\lib\</path>
         <kind>archive</kind>
         <file>rts430x_lc_rd_eabi.lib</file>
         <name>isr_trap.obj</name>
      </input_file>
      <input_file id="fl-64">
         <path>c:\ti\ccsv6\tools\compiler\msp430_4.3.3\lib\</path>
         <kind>archive</kind>
         <file>rts430x_lc_rd_eabi.lib</file>
         <name>lowlev.obj</name>
      </input_file>
      <input_file id="fl-65">
         <path>c:\ti\ccsv6\tools\compiler\msp430_4.3.3\lib\</path>
         <kind>archive</kind>
         <file>rts430x_lc_rd_eabi.lib</file>
         <name>memchr.obj</name>
      </input_file>
      <input_file id="fl-66">
         <path>c:\ti\ccsv6\tools\compiler\msp430_4.3.3\lib\</path>
         <kind>archive</kind>
         <file>rts430x_lc_rd_eabi.lib</file>
         <name>memcpy.obj</name>
      </input_file>
      <input_file id="fl-67">
         <path>c:\ti\ccsv6\tools\compiler\msp430_4.3.3\lib\</path>
         <kind>archive</kind>
         <file>rts430x_lc_rd_eabi.lib</file>
         <name>memory.obj</name>
      </input_file>
      <input_file id="fl-68">
         <path>c:\ti\ccsv6\tools\compiler\msp430_4.3.3\lib\</path>
         <kind>archive</kind>
         <file>rts430x_lc_rd_eabi.lib</file>
         <name>memset.obj</name>
      </input_file>
      <input_file id="fl-69">
         <path>c:\ti\ccsv6\tools\compiler\msp430_4.3.3\lib\</path>
         <kind>archive</kind>
         <file>rts430x_lc_rd_eabi.lib</file>
         <name>mpu_init.obj</name>
      </input_file>
      <input_file id="fl-6a">
         <path>c:\ti\ccsv6\tools\compiler\msp430_4.3.3\lib\</path>
         <kind>archive</kind>
         <file>rts430x_lc_rd_eabi.lib</file>
         <name>mult16_hw.obj</name>
      </input_file>
      <input_file id="fl-6b">
         <path>c:\ti\ccsv6\tools\compiler\msp430_4.3.3\lib\</path>
         <kind>archive</kind>
         <file>rts430x_lc_rd_eabi.lib</file>
         <name>pre_init.obj</name>
      </input_file>
      <input_file id="fl-6c">
         <path>c:\ti\ccsv6\tools\compiler\msp430_4.3.3\lib\</path>
         <kind>archive</kind>
         <file>rts430x_lc_rd_eabi.lib</file>
         <name>printf.obj</name>
      </input_file>
      <input_file id="fl-6d">
         <path>c:\ti\ccsv6\tools\compiler\msp430_4.3.3\lib\</path>
         <kind>archive</kind>
         <file>rts430x_lc_rd_eabi.lib</file>
         <name>remove.obj</name>
      </input_file>
      <input_file id="fl-6e">
         <path>c:\ti\ccsv6\tools\compiler\msp430_4.3.3\lib\</path>
         <kind>archive</kind>
         <file>rts430x_lc_rd_eabi.lib</file>
         <name>strchr.obj</name>
      </input_file>
      <input_file id="fl-6f">
         <path>c:\ti\ccsv6\tools\compiler\msp430_4.3.3\lib\</path>
         <kind>archive</kind>
         <file>rts430x_lc_rd_eabi.lib</file>
         <name>strcmp.obj</name>
      </input_file>
      <input_file id="fl-70">
         <path>c:\ti\ccsv6\tools\compiler\msp430_4.3.3\lib\</path>
         <kind>archive</kind>
         <file>rts430x_lc_rd_eabi.lib</file>
         <name>strlen.obj</name>
      </input_file>
      <input_file id="fl-71">
         <path>c:\ti\ccsv6\tools\compiler\msp430_4.3.3\lib\</path>
         <kind>archive</kind>
         <file>rts430x_lc_rd_eabi.lib</file>
         <name>strncpy.obj</name>
      </input_file>
      <input_file id="fl-72">
         <path>c:\ti\ccsv6\tools\compiler\msp430_4.3.3\lib\</path>
         <kind>archive</kind>
         <file>rts430x_lc_rd_eabi.lib</file>
         <name>trgdrv.obj</name>
      </input_file>
      <input_file id="fl-73">
         <path>c:\ti\ccsv6\tools\compiler\msp430_4.3.3\lib\</path>
         <kind>archive</kind>
         <file>rts430x_lc_rd_eabi.lib</file>
         <name>trgmsg.obj</name>
      </input_file>
      <input_file id="fl-74">
         <path>c:\ti\ccsv6\tools\compiler\msp430_4.3.3\lib\</path>
         <kind>archive</kind>
         <file>rts430x_lc_rd_eabi.lib</file>
         <name>vla_alloc.obj</name>
      </input_file>
      <input_file id="fl-75">
         <path>c:\ti\ccsv6\tools\compiler\msp430_4.3.3\lib\</path>
         <kind>archive</kind>
         <file>rts430x_lc_rd_eabi.lib</file>
         <name>_io_perm.obj</name>
      </input_file>
      <input_file id="fl-76">
         <path>c:\ti\ccsv6\tools\compiler\msp430_4.3.3\lib\</path>
         <kind>archive</kind>
         <file>rts430x_lc_rd_eabi.lib</file>
         <name>_lock.obj</name>
      </input_file>
      <input_file id="fl-77">
         <path>c:\ti\ccsv6\tools\compiler\msp430_4.3.3\lib\</path>
         <kind>archive</kind>
         <file>rts430x_lc_rd_eabi.lib</file>
         <name>_printfi_min.obj</name>
      </input_file>
      <input_file id="fl-78">
         <path>c:\ti\ccsv6\tools\compiler\msp430_4.3.3\lib\</path>
         <kind>archive</kind>
         <file>rts430x_lc_rd_eabi.lib</file>
         <name>args_main.obj</name>
      </input_file>
      <input_file id="fl-79">
         <path>c:\ti\ccsv6\tools\compiler\msp430_4.3.3\lib\</path>
         <kind>archive</kind>
         <file>rts430x_lc_rd_eabi.lib</file>
         <name>asr32.obj</name>
      </input_file>
      <input_file id="fl-7a">
         <path>c:\ti\ccsv6\tools\compiler\msp430_4.3.3\lib\</path>
         <kind>archive</kind>
         <file>rts430x_lc_rd_eabi.lib</file>
         <name>autoinit.obj</name>
      </input_file>
      <input_file id="fl-7b">
         <path>c:\ti\ccsv6\tools\compiler\msp430_4.3.3\lib\</path>
         <kind>archive</kind>
         <file>rts430x_lc_rd_eabi.lib</file>
         <name>defs.obj</name>
      </input_file>
      <input_file id="fl-7c">
         <path>c:\ti\ccsv6\tools\compiler\msp430_4.3.3\lib\</path>
         <kind>archive</kind>
         <file>rts430x_lc_rd_eabi.lib</file>
         <name>div16s.obj</name>
      </input_file>
      <input_file id="fl-7d">
         <path>c:\ti\ccsv6\tools\compiler\msp430_4.3.3\lib\</path>
         <kind>archive</kind>
         <file>rts430x_lc_rd_eabi.lib</file>
         <name>div16u.obj</name>
      </input_file>
      <input_file id="fl-7e">
         <path>c:\ti\ccsv6\tools\compiler\msp430_4.3.3\lib\</path>
         <kind>archive</kind>
         <file>rts430x_lc_rd_eabi.lib</file>
         <name>error.obj</name>
      </input_file>
      <input_file id="fl-7f">
         <path>c:\ti\ccsv6\tools\compiler\msp430_4.3.3\lib\</path>
         <kind>archive</kind>
         <file>rts430x_lc_rd_eabi.lib</file>
         <name>fseek.obj</name>
      </input_file>
      <input_file id="fl-80">
         <path>c:\ti\ccsv6\tools\compiler\msp430_4.3.3\lib\</path>
         <kind>archive</kind>
         <file>rts430x_lc_rd_eabi.lib</file>
         <name>lsl32.obj</name>
      </input_file>
      <input_file id="fl-81">
         <path>c:\ti\ccsv6\tools\compiler\msp430_4.3.3\lib\</path>
         <kind>archive</kind>
         <file>rts430x_lc_rd_eabi.lib</file>
         <name>lsr32.obj</name>
      </input_file>
      <input_file id="fl-82">
         <path>c:\ti\ccsv6\tools\compiler\msp430_4.3.3\lib\</path>
         <kind>archive</kind>
         <file>rts430x_lc_rd_eabi.lib</file>
         <name>memccpy.obj</name>
      </input_file>
      <input_file id="fl-83">
         <path>c:\ti\ccsv6\tools\compiler\msp430_4.3.3\lib\</path>
         <kind>archive</kind>
         <file>rts430x_lc_rd_eabi.lib</file>
         <name>setvbuf.obj</name>
      </input_file>
      <input_file id="fl-84">
         <path>c:\ti\ccsv6\tools\compiler\msp430_4.3.3\lib\</path>
         <kind>archive</kind>
         <file>rts430x_lc_rd_eabi.lib</file>
         <name>strcpy.obj</name>
      </input_file>
   </input_file_list>
   <object_component_list>
      <object_component id="oc-8d">
         <name>.sysmem</name>
         <uninitialized>true</uninitialized>
         <run_address>0x15e4</run_address>
         <size>0x6</size>
         <input_file_ref idref="fl-67"/>
      </object_component>
      <object_component id="oc-5d1">
         <name>.sysmem</name>
         <uninitialized>true</uninitialized>
         <run_address>0x15e4</run_address>
         <size>0x0</size>
      </object_component>
      <object_component id="oc-89">
         <name>.stack</name>
         <uninitialized>true</uninitialized>
         <run_address>0x20b0</run_address>
         <size>0x4</size>
         <input_file_ref idref="fl-39"/>
      </object_component>
      <object_component id="oc-5d0">
         <name>.stack</name>
         <uninitialized>true</uninitialized>
         <run_address>0x20b0</run_address>
         <size>0x0</size>
      </object_component>
      <object_component id="oc-149">
         <name>.text:__vla_alloc</name>
         <load_address>0x10000</load_address>
         <run_address>0x10000</run_address>
         <size>0x198</size>
         <input_file_ref idref="fl-74"/>
      </object_component>
      <object_component id="oc-32d">
         <name>.text:realloc</name>
         <load_address>0x10198</load_address>
         <run_address>0x10198</run_address>
         <size>0x144</size>
         <input_file_ref idref="fl-67"/>
      </object_component>
      <object_component id="oc-3d4">
         <name>.text:_setfield</name>
         <load_address>0x102dc</load_address>
         <run_address>0x102dc</run_address>
         <size>0x132</size>
         <input_file_ref idref="fl-77"/>
      </object_component>
      <object_component id="oc-155">
         <name>.text:dumpToTXT</name>
         <load_address>0x1040e</load_address>
         <run_address>0x1040e</run_address>
         <size>0x10c</size>
         <input_file_ref idref="fl-8"/>
      </object_component>
      <object_component id="oc-33e">
         <name>.text:_openfile</name>
         <load_address>0x1051a</load_address>
         <run_address>0x1051a</run_address>
         <size>0x106</size>
         <input_file_ref idref="fl-41"/>
      </object_component>
      <object_component id="oc-3c0">
         <name>.text:fputs</name>
         <load_address>0x10620</load_address>
         <run_address>0x10620</run_address>
         <size>0xf0</size>
         <input_file_ref idref="fl-44"/>
      </object_component>
      <object_component id="oc-136">
         <name>.text:floatToHex</name>
         <load_address>0x10710</load_address>
         <run_address>0x10710</run_address>
         <size>0xee</size>
         <input_file_ref idref="fl-8"/>
      </object_component>
      <object_component id="oc-b3">
         <name>.text:main</name>
         <load_address>0x107fe</load_address>
         <run_address>0x107fe</run_address>
         <size>0xe2</size>
         <input_file_ref idref="fl-8"/>
      </object_component>
      <object_component id="oc-493">
         <name>.text:setvbuf</name>
         <load_address>0x108e0</load_address>
         <run_address>0x108e0</run_address>
         <size>0xe0</size>
         <input_file_ref idref="fl-83"/>
      </object_component>
      <object_component id="oc-352">
         <name>.text:__TI_printfi_minimal</name>
         <load_address>0x109c0</load_address>
         <run_address>0x109c0</run_address>
         <size>0xd2</size>
         <input_file_ref idref="fl-77"/>
      </object_component>
      <object_component id="oc-15b">
         <name>.text:__vla_dealloc</name>
         <load_address>0x10a92</load_address>
         <run_address>0x10a92</run_address>
         <size>0xd0</size>
         <input_file_ref idref="fl-74"/>
      </object_component>
      <object_component id="oc-207">
         <name>.text:malloc</name>
         <load_address>0x10b62</load_address>
         <run_address>0x10b62</run_address>
         <size>0xba</size>
         <input_file_ref idref="fl-67"/>
      </object_component>
      <object_component id="oc-3ad">
         <name>.text:open</name>
         <load_address>0x10c1c</load_address>
         <run_address>0x10c1c</run_address>
         <size>0xb2</size>
         <input_file_ref idref="fl-64"/>
      </object_component>
      <object_component id="oc-23b">
         <name>.text:_Z21free_dead_allocationsPv</name>
         <load_address>0x10cce</load_address>
         <run_address>0x10cce</run_address>
         <size>0xa8</size>
         <input_file_ref idref="fl-74"/>
      </object_component>
      <object_component id="oc-162">
         <name>.text:collectSensorData</name>
         <load_address>0x10d76</load_address>
         <run_address>0x10d76</run_address>
         <size>0xa4</size>
         <input_file_ref idref="fl-9"/>
      </object_component>
      <object_component id="oc-4cd">
         <name>.text:HOSTlseek</name>
         <load_address>0x10e1a</load_address>
         <run_address>0x10e1a</run_address>
         <size>0x9e</size>
         <input_file_ref idref="fl-72"/>
      </object_component>
      <object_component id="oc-3c7">
         <name>.text:fputc</name>
         <load_address>0x10eb8</load_address>
         <run_address>0x10eb8</run_address>
         <size>0x90</size>
         <input_file_ref idref="fl-43"/>
      </object_component>
      <object_component id="oc-28f">
         <name>.text:free</name>
         <load_address>0x10f48</load_address>
         <run_address>0x10f48</run_address>
         <size>0x8e</size>
         <input_file_ref idref="fl-67"/>
      </object_component>
      <object_component id="oc-1fd">
         <name>.text</name>
         <load_address>0x10fd6</load_address>
         <run_address>0x10fd6</run_address>
         <size>0x8e</size>
         <input_file_ref idref="fl-45"/>
      </object_component>
      <object_component id="oc-338">
         <name>.text:_search_fp</name>
         <load_address>0x11064</load_address>
         <run_address>0x11064</run_address>
         <size>0x80</size>
         <input_file_ref idref="fl-41"/>
      </object_component>
      <object_component id="oc-428">
         <name>.text:__TI_wrt_ok</name>
         <load_address>0x110e4</load_address>
         <run_address>0x110e4</run_address>
         <size>0x7e</size>
         <input_file_ref idref="fl-75"/>
      </object_component>
      <object_component id="oc-1e0">
         <name>.text:set_acc_scale</name>
         <load_address>0x11162</load_address>
         <run_address>0x11162</run_address>
         <size>0x7e</size>
         <input_file_ref idref="fl-9"/>
      </object_component>
      <object_component id="oc-4d9">
         <name>.text:HOSTrename</name>
         <load_address>0x111e0</load_address>
         <run_address>0x111e0</run_address>
         <size>0x74</size>
         <input_file_ref idref="fl-72"/>
      </object_component>
      <object_component id="oc-12d">
         <name>.text:read_acc</name>
         <load_address>0x11254</load_address>
         <run_address>0x11254</run_address>
         <size>0x74</size>
         <input_file_ref idref="fl-9"/>
      </object_component>
      <object_component id="oc-109">
         <name>.text:UART_Init</name>
         <load_address>0x112c8</load_address>
         <run_address>0x112c8</run_address>
         <size>0x70</size>
         <input_file_ref idref="fl-b"/>
      </object_component>
      <object_component id="oc-374">
         <name>.text:__TI_closefile</name>
         <load_address>0x11338</load_address>
         <run_address>0x11338</run_address>
         <size>0x70</size>
         <input_file_ref idref="fl-3f"/>
      </object_component>
      <object_component id="oc-4b5">
         <name>.text:HOSTopen</name>
         <load_address>0x113a8</load_address>
         <run_address>0x113a8</run_address>
         <size>0x6e</size>
         <input_file_ref idref="fl-72"/>
      </object_component>
      <object_component id="oc-ad">
         <name>.text:_auto_init_hold_wdt</name>
         <load_address>0x11416</load_address>
         <run_address>0x11416</run_address>
         <size>0x6e</size>
         <input_file_ref idref="fl-7a"/>
      </object_component>
      <object_component id="oc-2f8">
         <name>.text:DEBUG_UART_Print</name>
         <load_address>0x11484</load_address>
         <run_address>0x11484</run_address>
         <size>0x6c</size>
         <input_file_ref idref="fl-b"/>
      </object_component>
      <object_component id="oc-4c7">
         <name>.text:HOSTwrite</name>
         <load_address>0x114f0</load_address>
         <run_address>0x114f0</run_address>
         <size>0x6a</size>
         <input_file_ref idref="fl-72"/>
      </object_component>
      <object_component id="oc-48d">
         <name>.text:fseek</name>
         <load_address>0x1155a</load_address>
         <run_address>0x1155a</run_address>
         <size>0x6a</size>
         <input_file_ref idref="fl-7f"/>
      </object_component>
      <object_component id="oc-4c1">
         <name>.text:HOSTread</name>
         <load_address>0x115c4</load_address>
         <run_address>0x115c4</run_address>
         <size>0x68</size>
         <input_file_ref idref="fl-72"/>
      </object_component>
      <object_component id="oc-3f5">
         <name>.text:__TI_doflush</name>
         <load_address>0x1162c</load_address>
         <run_address>0x1162c</run_address>
         <size>0x64</size>
         <input_file_ref idref="fl-40"/>
      </object_component>
      <object_component id="oc-274">
         <name>.text:__mspabi_cvtfd</name>
         <load_address>0x11690</load_address>
         <run_address>0x11690</run_address>
         <size>0x64</size>
         <input_file_ref idref="fl-3d"/>
      </object_component>
      <object_component id="oc-d4">
         <name>.text:__TI_decompress_rle_core</name>
         <load_address>0x116f4</load_address>
         <run_address>0x116f4</run_address>
         <size>0x62</size>
         <input_file_ref idref="fl-3b"/>
      </object_component>
      <object_component id="oc-121">
         <name>.text:MPU_Init</name>
         <load_address>0x11756</load_address>
         <run_address>0x11756</run_address>
         <size>0x60</size>
         <input_file_ref idref="fl-9"/>
      </object_component>
      <object_component id="oc-13d">
         <name>.text:BLE_setPublicChar</name>
         <load_address>0x117b6</load_address>
         <run_address>0x117b6</run_address>
         <size>0x5a</size>
         <input_file_ref idref="fl-3"/>
      </object_component>
      <object_component id="oc-4aa">
         <name>.text:_ltostr</name>
         <load_address>0x11810</load_address>
         <run_address>0x11810</run_address>
         <size>0x5a</size>
         <input_file_ref idref="fl-77"/>
      </object_component>
      <object_component id="oc-3fb">
         <name>.text:close</name>
         <load_address>0x1186a</load_address>
         <run_address>0x1186a</run_address>
         <size>0x5a</size>
         <input_file_ref idref="fl-64"/>
      </object_component>
      <object_component id="oc-420">
         <name>.text:getdevice</name>
         <load_address>0x118c4</load_address>
         <run_address>0x118c4</run_address>
         <size>0x5a</size>
         <input_file_ref idref="fl-64"/>
      </object_component>
      <object_component id="oc-22a">
         <name>.text:DEBUG_BLE_Echo_To_Terminal</name>
         <load_address>0x1191e</load_address>
         <run_address>0x1191e</run_address>
         <size>0x58</size>
         <input_file_ref idref="fl-3"/>
      </object_component>
      <object_component id="oc-27a">
         <name>.text:fprintf</name>
         <load_address>0x11976</load_address>
         <run_address>0x11976</run_address>
         <size>0x50</size>
         <input_file_ref idref="fl-42"/>
      </object_component>
      <object_component id="oc-4bb">
         <name>.text:HOSTclose</name>
         <load_address>0x119c6</load_address>
         <run_address>0x119c6</run_address>
         <size>0x4c</size>
         <input_file_ref idref="fl-72"/>
      </object_component>
      <object_component id="oc-441">
         <name>.text:_pproc_diouxp</name>
         <load_address>0x11a12</load_address>
         <run_address>0x11a12</run_address>
         <size>0x4c</size>
         <input_file_ref idref="fl-77"/>
      </object_component>
      <object_component id="oc-264">
         <name>.text:printf</name>
         <load_address>0x11a5e</load_address>
         <run_address>0x11a5e</run_address>
         <size>0x4a</size>
         <input_file_ref idref="fl-6c"/>
      </object_component>
      <object_component id="oc-3da">
         <name>.text:_pproc_str</name>
         <load_address>0x11aa8</load_address>
         <run_address>0x11aa8</run_address>
         <size>0x48</size>
         <input_file_ref idref="fl-77"/>
      </object_component>
      <object_component id="oc-4d3">
         <name>.text:HOSTunlink</name>
         <load_address>0x11af0</load_address>
         <run_address>0x11af0</run_address>
         <size>0x46</size>
         <input_file_ref idref="fl-72"/>
      </object_component>
      <object_component id="oc-241">
         <name>.text:_Z18init_curr_vla_poolv</name>
         <load_address>0x11b36</load_address>
         <run_address>0x11b36</run_address>
         <size>0x44</size>
         <input_file_ref idref="fl-74"/>
      </object_component>
      <object_component id="oc-247">
         <name>.text:_Z31increase_curr_vla_pool_capacityv</name>
         <load_address>0x11b7a</load_address>
         <run_address>0x11b7a</run_address>
         <size>0x44</size>
         <input_file_ref idref="fl-74"/>
      </object_component>
      <object_component id="oc-1d0">
         <name>.text:BLE_changeNameTo</name>
         <load_address>0x11bbe</load_address>
         <run_address>0x11bbe</run_address>
         <size>0x42</size>
         <input_file_ref idref="fl-3"/>
      </object_component>
      <object_component id="oc-2ed">
         <name>.text:minit</name>
         <load_address>0x11c00</load_address>
         <run_address>0x11c00</run_address>
         <size>0x42</size>
         <input_file_ref idref="fl-67"/>
      </object_component>
      <object_component id="oc-1ed">
         <name>.text:spi_mpu_mRead</name>
         <load_address>0x11c42</load_address>
         <run_address>0x11c42</run_address>
         <size>0x42</size>
         <input_file_ref idref="fl-9"/>
      </object_component>
      <object_component id="oc-4a4">
         <name>.text:_getarg_diouxp</name>
         <load_address>0x11c84</load_address>
         <run_address>0x11c84</run_address>
         <size>0x3e</size>
         <input_file_ref idref="fl-77"/>
      </object_component>
      <object_component id="oc-35a">
         <name>.text:l_asr_const</name>
         <load_address>0x11cc2</load_address>
         <run_address>0x11cc2</run_address>
         <size>0x3e</size>
         <input_file_ref idref="fl-79"/>
      </object_component>
      <object_component id="oc-54b">
         <name>.text:l_lsl_const</name>
         <load_address>0x11d00</load_address>
         <run_address>0x11d00</run_address>
         <size>0x3e</size>
         <input_file_ref idref="fl-80"/>
      </object_component>
      <object_component id="oc-53e">
         <name>.text:l_lsr_const</name>
         <load_address>0x11d3e</load_address>
         <run_address>0x11d3e</run_address>
         <size>0x3e</size>
         <input_file_ref idref="fl-81"/>
      </object_component>
      <object_component id="oc-4ed">
         <name>.text:lseek</name>
         <load_address>0x11d7c</load_address>
         <run_address>0x11d7c</run_address>
         <size>0x3e</size>
         <input_file_ref idref="fl-64"/>
      </object_component>
      <object_component id="oc-434">
         <name>.text:write</name>
         <load_address>0x11dba</load_address>
         <run_address>0x11dba</run_address>
         <size>0x3c</size>
         <input_file_ref idref="fl-64"/>
      </object_component>
      <object_component id="oc-10f">
         <name>.text:SPI_Init</name>
         <load_address>0x11df6</load_address>
         <run_address>0x11df6</run_address>
         <size>0x3a</size>
         <input_file_ref idref="fl-a"/>
      </object_component>
      <object_component id="oc-3a6">
         <name>.text:__TI_cleanup</name>
         <load_address>0x11e30</load_address>
         <run_address>0x11e30</run_address>
         <size>0x36</size>
         <input_file_ref idref="fl-41"/>
      </object_component>
      <object_component id="oc-512">
         <name>.text:__TI_writemsg</name>
         <load_address>0x11e66</load_address>
         <run_address>0x11e66</run_address>
         <size>0x36</size>
         <input_file_ref idref="fl-73"/>
      </object_component>
      <object_component id="oc-1f6">
         <name>.text</name>
         <load_address>0x11e9c</load_address>
         <run_address>0x11e9c</run_address>
         <size>0x36</size>
         <input_file_ref idref="fl-46"/>
      </object_component>
      <object_component id="oc-519">
         <name>.text:__TI_readmsg</name>
         <load_address>0x11ed2</load_address>
         <run_address>0x11ed2</run_address>
         <size>0x32</size>
         <input_file_ref idref="fl-73"/>
      </object_component>
      <object_component id="oc-474">
         <name>.text:strncpy</name>
         <load_address>0x11f04</load_address>
         <run_address>0x11f04</run_address>
         <size>0x32</size>
         <input_file_ref idref="fl-71"/>
      </object_component>
      <object_component id="oc-14f">
         <name>.text:collectFMData</name>
         <load_address>0x11f36</load_address>
         <run_address>0x11f36</run_address>
         <size>0x30</size>
         <input_file_ref idref="fl-5"/>
      </object_component>
      <object_component id="oc-402">
         <name>.text:unlink</name>
         <load_address>0x11f66</load_address>
         <run_address>0x11f66</run_address>
         <size>0x30</size>
         <input_file_ref idref="fl-64"/>
      </object_component>
      <object_component id="oc-b9">
         <name>.text:exit</name>
         <load_address>0x11f96</load_address>
         <run_address>0x11f96</run_address>
         <size>0x2e</size>
         <input_file_ref idref="fl-3e"/>
      </object_component>
      <object_component id="oc-47a">
         <name>.text:finddevice</name>
         <load_address>0x11fc4</load_address>
         <run_address>0x11fc4</run_address>
         <size>0x2e</size>
         <input_file_ref idref="fl-64"/>
      </object_component>
      <object_component id="oc-41b">
         <name>.text</name>
         <load_address>0x11ff2</load_address>
         <run_address>0x11ff2</run_address>
         <size>0x2c</size>
         <input_file_ref idref="fl-7c"/>
      </object_component>
      <object_component id="oc-103">
         <name>.text:CLK_Init</name>
         <load_address>0x1201e</load_address>
         <run_address>0x1201e</run_address>
         <size>0x28</size>
         <input_file_ref idref="fl-8"/>
      </object_component>
      <object_component id="oc-7d">
         <name>.text:decompress:ZI:__TI_zero_init</name>
         <load_address>0x12046</load_address>
         <run_address>0x12046</run_address>
         <size>0x24</size>
         <input_file_ref idref="fl-3c"/>
      </object_component>
      <object_component id="oc-25e">
         <name>.text:fopen</name>
         <load_address>0x1206a</load_address>
         <run_address>0x1206a</run_address>
         <size>0x24</size>
         <input_file_ref idref="fl-41"/>
      </object_component>
      <object_component id="oc-287">
         <name>.text:fclose</name>
         <load_address>0x1208e</load_address>
         <run_address>0x1208e</run_address>
         <size>0x22</size>
         <input_file_ref idref="fl-3f"/>
      </object_component>
      <object_component id="oc-447">
         <name>.text:memccpy</name>
         <load_address>0x120b0</load_address>
         <run_address>0x120b0</run_address>
         <size>0x20</size>
         <input_file_ref idref="fl-82"/>
      </object_component>
      <object_component id="oc-1da">
         <name>.text:spi_mpu_write</name>
         <load_address>0x120d0</load_address>
         <run_address>0x120d0</run_address>
         <size>0x1c</size>
         <input_file_ref idref="fl-9"/>
      </object_component>
      <object_component id="oc-4e6">
         <name>.text:strcmp</name>
         <load_address>0x120ec</load_address>
         <run_address>0x120ec</run_address>
         <size>0x1c</size>
         <input_file_ref idref="fl-6f"/>
      </object_component>
      <object_component id="oc-502">
         <name>.text:_div</name>
         <load_address>0x12108</load_address>
         <run_address>0x12108</run_address>
         <size>0x1a</size>
         <input_file_ref idref="fl-77"/>
      </object_component>
      <object_component id="oc-46e">
         <name>.text:strchr</name>
         <load_address>0x12122</load_address>
         <run_address>0x12122</run_address>
         <size>0x1a</size>
         <input_file_ref idref="fl-6e"/>
      </object_component>
      <object_component id="oc-11b">
         <name>.text:BLE_Init</name>
         <load_address>0x1213c</load_address>
         <run_address>0x1213c</run_address>
         <size>0x16</size>
         <input_file_ref idref="fl-3"/>
      </object_component>
      <object_component id="oc-1c9">
         <name>.text:BLE_startAdvertisement</name>
         <load_address>0x12152</load_address>
         <run_address>0x12152</run_address>
         <size>0x16</size>
         <input_file_ref idref="fl-3"/>
      </object_component>
      <object_component id="oc-1bd">
         <name>.text:BLE_turnOff</name>
         <load_address>0x12168</load_address>
         <run_address>0x12168</run_address>
         <size>0x16</size>
         <input_file_ref idref="fl-3"/>
      </object_component>
      <object_component id="oc-1c3">
         <name>.text:BLE_turnOn</name>
         <load_address>0x1217e</load_address>
         <run_address>0x1217e</run_address>
         <size>0x16</size>
         <input_file_ref idref="fl-3"/>
      </object_component>
      <object_component id="oc-42e">
         <name>.text:memchr</name>
         <load_address>0x12194</load_address>
         <run_address>0x12194</run_address>
         <size>0x16</size>
         <input_file_ref idref="fl-65"/>
      </object_component>
      <object_component id="oc-39f">
         <name>.text:memset</name>
         <load_address>0x121aa</load_address>
         <run_address>0x121aa</run_address>
         <size>0x16</size>
         <input_file_ref idref="fl-68"/>
      </object_component>
      <object_component id="oc-468">
         <name>.text</name>
         <load_address>0x121c0</load_address>
         <run_address>0x121c0</run_address>
         <size>0x16</size>
         <input_file_ref idref="fl-7d"/>
      </object_component>
      <object_component id="oc-144">
         <name>.text</name>
         <load_address>0x121d6</load_address>
         <run_address>0x121d6</run_address>
         <size>0x16</size>
         <input_file_ref idref="fl-6a"/>
      </object_component>
      <object_component id="oc-2cf">
         <name>.text:spi_exchg</name>
         <load_address>0x121ec</load_address>
         <run_address>0x121ec</run_address>
         <size>0x16</size>
         <input_file_ref idref="fl-9"/>
      </object_component>
      <object_component id="oc-c0">
         <name>.text:memcpy</name>
         <load_address>0x12202</load_address>
         <run_address>0x12202</run_address>
         <size>0x14</size>
         <input_file_ref idref="fl-66"/>
      </object_component>
      <object_component id="oc-2d5">
         <name>.text:spi_mpu_release</name>
         <load_address>0x12216</load_address>
         <run_address>0x12216</run_address>
         <size>0x14</size>
         <input_file_ref idref="fl-9"/>
      </object_component>
      <object_component id="oc-2c9">
         <name>.text:spi_mpu_select</name>
         <load_address>0x1222a</load_address>
         <run_address>0x1222a</run_address>
         <size>0x14</size>
         <input_file_ref idref="fl-9"/>
      </object_component>
      <object_component id="oc-77">
         <name>.text:decompress:none:__TI_decompress_none</name>
         <load_address>0x1223e</load_address>
         <run_address>0x1223e</run_address>
         <size>0x12</size>
         <input_file_ref idref="fl-3a"/>
      </object_component>
      <object_component id="oc-559">
         <name>.text:strcpy</name>
         <load_address>0x12250</load_address>
         <run_address>0x12250</run_address>
         <size>0x12</size>
         <input_file_ref idref="fl-84"/>
      </object_component>
      <object_component id="oc-3ce">
         <name>.text:strlen</name>
         <load_address>0x12262</load_address>
         <run_address>0x12262</run_address>
         <size>0xe</size>
         <input_file_ref idref="fl-70"/>
      </object_component>
      <object_component id="oc-127">
         <name>.text:whoami</name>
         <load_address>0x12270</load_address>
         <run_address>0x12270</run_address>
         <size>0xe</size>
         <input_file_ref idref="fl-9"/>
      </object_component>
      <object_component id="oc-90">
         <name>.text:__TI_ISR_TRAP</name>
         <load_address>0x1227e</load_address>
         <run_address>0x1227e</run_address>
         <size>0x6</size>
         <input_file_ref idref="fl-63"/>
      </object_component>
      <object_component id="oc-36c">
         <name>.text:_outc</name>
         <load_address>0x12284</load_address>
         <run_address>0x12284</run_address>
         <size>0x6</size>
         <input_file_ref idref="fl-42"/>
      </object_component>
      <object_component id="oc-34c">
         <name>.text:_outc</name>
         <load_address>0x1228a</load_address>
         <run_address>0x1228a</run_address>
         <size>0x6</size>
         <input_file_ref idref="fl-6c"/>
      </object_component>
      <object_component id="oc-83">
         <name>.text:decompress:rle24:__TI_decompress_rle24</name>
         <load_address>0x12290</load_address>
         <run_address>0x12290</run_address>
         <size>0x6</size>
         <input_file_ref idref="fl-3b"/>
      </object_component>
      <object_component id="oc-232">
         <name>.text:__abort_execution</name>
         <load_address>0x12296</load_address>
         <run_address>0x12296</run_address>
         <size>0x4</size>
         <input_file_ref idref="fl-7e"/>
      </object_component>
      <object_component id="oc-366">
         <name>.text:_outs</name>
         <load_address>0x1229a</load_address>
         <run_address>0x1229a</run_address>
         <size>0x4</size>
         <input_file_ref idref="fl-42"/>
      </object_component>
      <object_component id="oc-346">
         <name>.text:_outs</name>
         <load_address>0x1229e</load_address>
         <run_address>0x1229e</run_address>
         <size>0x4</size>
         <input_file_ref idref="fl-6c"/>
      </object_component>
      <object_component id="oc-a7">
         <name>.text:_system_pre_init</name>
         <load_address>0x122a2</load_address>
         <run_address>0x122a2</run_address>
         <size>0x4</size>
         <input_file_ref idref="fl-6b"/>
      </object_component>
      <object_component id="oc-172">
         <name>.text:abort</name>
         <load_address>0x122a6</load_address>
         <run_address>0x122a6</run_address>
         <size>0x4</size>
         <input_file_ref idref="fl-3e"/>
      </object_component>
      <object_component id="oc-115">
         <name>.text:I2C_Init</name>
         <load_address>0x122aa</load_address>
         <run_address>0x122aa</run_address>
         <size>0x2</size>
         <input_file_ref idref="fl-6"/>
      </object_component>
      <object_component id="oc-2a6">
         <name>.text:_nop</name>
         <load_address>0x122ac</load_address>
         <run_address>0x122ac</run_address>
         <size>0x2</size>
         <input_file_ref idref="fl-76"/>
      </object_component>
      <object_component id="oc-9b">
         <name>.text:_isr:USCI0RX_ISR</name>
         <load_address>0x2100</load_address>
         <run_address>0x2100</run_address>
         <size>0x30</size>
         <input_file_ref idref="fl-7"/>
      </object_component>
      <object_component id="oc-95">
         <name>.text:_isr:USCI1RX_ISR</name>
         <load_address>0x2130</load_address>
         <run_address>0x2130</run_address>
         <size>0x30</size>
         <input_file_ref idref="fl-7"/>
      </object_component>
      <object_component id="oc-71">
         <name>.text:_isr:_c_int00_noargs</name>
         <load_address>0x2160</load_address>
         <run_address>0x2160</run_address>
         <size>0x1c</size>
         <input_file_ref idref="fl-39"/>
      </object_component>
      <object_component id="oc-a1">
         <name>.text:_isr:Timer_A</name>
         <load_address>0x217c</load_address>
         <run_address>0x217c</run_address>
         <size>0x8</size>
         <input_file_ref idref="fl-7"/>
      </object_component>
      <object_component id="oc-5ce">
         <name>.cinit..data.load</name>
         <load_address>0x227c</load_address>
         <run_address>0x227c</run_address>
         <size>0x64</size>
      </object_component>
      <object_component id="oc-5cb">
         <name>__TI_handler_table</name>
         <load_address>0x22e0</load_address>
         <run_address>0x22e0</run_address>
         <size>0xc</size>
      </object_component>
      <object_component id="oc-5cd">
         <name>.cinit..bss.load</name>
         <load_address>0x22ec</load_address>
         <run_address>0x22ec</run_address>
         <size>0x6</size>
      </object_component>
      <object_component id="oc-5cf">
         <name>.cinit..cio.load</name>
         <load_address>0x22f2</load_address>
         <run_address>0x22f2</run_address>
         <size>0x6</size>
      </object_component>
      <object_component id="oc-5cc">
         <name>__TI_cinit_table</name>
         <load_address>0x22f8</load_address>
         <run_address>0x22f8</run_address>
         <size>0x18</size>
      </object_component>
      <object_component id="oc-13c">
         <name>.const:.string</name>
         <load_address>0x2184</load_address>
         <run_address>0x2184</run_address>
         <size>0x48</size>
         <input_file_ref idref="fl-8"/>
      </object_component>
      <object_component id="oc-1cf">
         <name>.const:.string</name>
         <load_address>0x21cc</load_address>
         <run_address>0x21cc</run_address>
         <size>0x38</size>
         <input_file_ref idref="fl-3"/>
      </object_component>
      <object_component id="oc-299">
         <name>.const:.string</name>
         <load_address>0x2204</load_address>
         <run_address>0x2204</run_address>
         <size>0x36</size>
         <input_file_ref idref="fl-74"/>
      </object_component>
      <object_component id="oc-1d7">
         <name>.const:$P$T0$1</name>
         <load_address>0x223a</load_address>
         <run_address>0x223a</run_address>
         <size>0x28</size>
         <input_file_ref idref="fl-9"/>
      </object_component>
      <object_component id="oc-440">
         <name>.const:.string</name>
         <load_address>0x2262</load_address>
         <run_address>0x2262</run_address>
         <size>0x14</size>
         <input_file_ref idref="fl-77"/>
      </object_component>
      <object_component id="oc-fc">
         <name>.const</name>
         <load_address>0x2276</load_address>
         <run_address>0x2276</run_address>
         <size>0x6</size>
         <input_file_ref idref="fl-8"/>
      </object_component>
      <object_component id="oc-572">
         <name>.cio</name>
         <uninitialized>true</uninitialized>
         <run_address>0x14c4</run_address>
         <size>0x120</size>
         <input_file_ref idref="fl-73"/>
      </object_component>
      <object_component id="oc-52">
         <name>.int00</name>
         <load_address>0xffc0</load_address>
         <run_address>0xffc0</run_address>
         <size>0x2</size>
         <input_file_ref idref="fl-47"/>
      </object_component>
      <object_component id="oc-53">
         <name>.int01</name>
         <load_address>0xffc2</load_address>
         <run_address>0xffc2</run_address>
         <size>0x2</size>
         <input_file_ref idref="fl-48"/>
      </object_component>
      <object_component id="oc-54">
         <name>.int02</name>
         <load_address>0xffc4</load_address>
         <run_address>0xffc4</run_address>
         <size>0x2</size>
         <input_file_ref idref="fl-49"/>
      </object_component>
      <object_component id="oc-55">
         <name>.int03</name>
         <load_address>0xffc6</load_address>
         <run_address>0xffc6</run_address>
         <size>0x2</size>
         <input_file_ref idref="fl-4a"/>
      </object_component>
      <object_component id="oc-56">
         <name>.int04</name>
         <load_address>0xffc8</load_address>
         <run_address>0xffc8</run_address>
         <size>0x2</size>
         <input_file_ref idref="fl-4b"/>
      </object_component>
      <object_component id="oc-57">
         <name>.int05</name>
         <load_address>0xffca</load_address>
         <run_address>0xffca</run_address>
         <size>0x2</size>
         <input_file_ref idref="fl-4c"/>
      </object_component>
      <object_component id="oc-58">
         <name>.int06</name>
         <load_address>0xffcc</load_address>
         <run_address>0xffcc</run_address>
         <size>0x2</size>
         <input_file_ref idref="fl-4d"/>
      </object_component>
      <object_component id="oc-59">
         <name>.int07</name>
         <load_address>0xffce</load_address>
         <run_address>0xffce</run_address>
         <size>0x2</size>
         <input_file_ref idref="fl-4e"/>
      </object_component>
      <object_component id="oc-5a">
         <name>.int08</name>
         <load_address>0xffd0</load_address>
         <run_address>0xffd0</run_address>
         <size>0x2</size>
         <input_file_ref idref="fl-4f"/>
      </object_component>
      <object_component id="oc-5b">
         <name>.int09</name>
         <load_address>0xffd2</load_address>
         <run_address>0xffd2</run_address>
         <size>0x2</size>
         <input_file_ref idref="fl-50"/>
      </object_component>
      <object_component id="oc-5c">
         <name>.int10</name>
         <load_address>0xffd4</load_address>
         <run_address>0xffd4</run_address>
         <size>0x2</size>
         <input_file_ref idref="fl-51"/>
      </object_component>
      <object_component id="oc-5d">
         <name>.int11</name>
         <load_address>0xffd6</load_address>
         <run_address>0xffd6</run_address>
         <size>0x2</size>
         <input_file_ref idref="fl-52"/>
      </object_component>
      <object_component id="oc-5e">
         <name>.int12</name>
         <load_address>0xffd8</load_address>
         <run_address>0xffd8</run_address>
         <size>0x2</size>
         <input_file_ref idref="fl-53"/>
      </object_component>
      <object_component id="oc-5f">
         <name>.int13</name>
         <load_address>0xffda</load_address>
         <run_address>0xffda</run_address>
         <size>0x2</size>
         <input_file_ref idref="fl-54"/>
      </object_component>
      <object_component id="oc-60">
         <name>.int14</name>
         <load_address>0xffdc</load_address>
         <run_address>0xffdc</run_address>
         <size>0x2</size>
         <input_file_ref idref="fl-55"/>
      </object_component>
      <object_component id="oc-61">
         <name>.int15</name>
         <load_address>0xffde</load_address>
         <run_address>0xffde</run_address>
         <size>0x2</size>
         <input_file_ref idref="fl-56"/>
      </object_component>
      <object_component id="oc-62">
         <name>.int16</name>
         <load_address>0xffe0</load_address>
         <run_address>0xffe0</run_address>
         <size>0x2</size>
         <input_file_ref idref="fl-57"/>
      </object_component>
      <object_component id="oc-63">
         <name>.int17</name>
         <load_address>0xffe2</load_address>
         <run_address>0xffe2</run_address>
         <size>0x2</size>
         <input_file_ref idref="fl-7"/>
      </object_component>
      <object_component id="oc-64">
         <name>.int18</name>
         <load_address>0xffe4</load_address>
         <run_address>0xffe4</run_address>
         <size>0x2</size>
         <input_file_ref idref="fl-58"/>
      </object_component>
      <object_component id="oc-65">
         <name>.int19</name>
         <load_address>0xffe6</load_address>
         <run_address>0xffe6</run_address>
         <size>0x2</size>
         <input_file_ref idref="fl-59"/>
      </object_component>
      <object_component id="oc-66">
         <name>.int20</name>
         <load_address>0xffe8</load_address>
         <run_address>0xffe8</run_address>
         <size>0x2</size>
         <input_file_ref idref="fl-5a"/>
      </object_component>
      <object_component id="oc-67">
         <name>.int21</name>
         <load_address>0xffea</load_address>
         <run_address>0xffea</run_address>
         <size>0x2</size>
         <input_file_ref idref="fl-5b"/>
      </object_component>
      <object_component id="oc-68">
         <name>.int22</name>
         <load_address>0xffec</load_address>
         <run_address>0xffec</run_address>
         <size>0x2</size>
         <input_file_ref idref="fl-5c"/>
      </object_component>
      <object_component id="oc-69">
         <name>.int23</name>
         <load_address>0xffee</load_address>
         <run_address>0xffee</run_address>
         <size>0x2</size>
         <input_file_ref idref="fl-7"/>
      </object_component>
      <object_component id="oc-6a">
         <name>.int24</name>
         <load_address>0xfff0</load_address>
         <run_address>0xfff0</run_address>
         <size>0x2</size>
         <input_file_ref idref="fl-5d"/>
      </object_component>
      <object_component id="oc-6b">
         <name>.int25</name>
         <load_address>0xfff2</load_address>
         <run_address>0xfff2</run_address>
         <size>0x2</size>
         <input_file_ref idref="fl-7"/>
      </object_component>
      <object_component id="oc-6c">
         <name>.int26</name>
         <load_address>0xfff4</load_address>
         <run_address>0xfff4</run_address>
         <size>0x2</size>
         <input_file_ref idref="fl-5e"/>
      </object_component>
      <object_component id="oc-6d">
         <name>.int27</name>
         <load_address>0xfff6</load_address>
         <run_address>0xfff6</run_address>
         <size>0x2</size>
         <input_file_ref idref="fl-5f"/>
      </object_component>
      <object_component id="oc-6e">
         <name>.int28</name>
         <load_address>0xfff8</load_address>
         <run_address>0xfff8</run_address>
         <size>0x2</size>
         <input_file_ref idref="fl-60"/>
      </object_component>
      <object_component id="oc-6f">
         <name>.int29</name>
         <load_address>0xfffa</load_address>
         <run_address>0xfffa</run_address>
         <size>0x2</size>
         <input_file_ref idref="fl-61"/>
      </object_component>
      <object_component id="oc-70">
         <name>.int30</name>
         <load_address>0xfffc</load_address>
         <run_address>0xfffc</run_address>
         <size>0x2</size>
         <input_file_ref idref="fl-62"/>
      </object_component>
      <object_component id="oc-8c">
         <name>.reset</name>
         <load_address>0xfffe</load_address>
         <run_address>0xfffe</run_address>
         <size>0x2</size>
         <input_file_ref idref="fl-39"/>
      </object_component>
      <object_component id="oc-300">
         <name>.common:data_from_terminal</name>
         <uninitialized>true</uninitialized>
         <run_address>0x1240</run_address>
         <size>0xa0</size>
      </object_component>
      <object_component id="oc-301">
         <name>.common:data_from_ble</name>
         <uninitialized>true</uninitialized>
         <run_address>0x11a0</run_address>
         <size>0xa0</size>
      </object_component>
      <object_component id="oc-286">
         <name>.common:j</name>
         <uninitialized>true</uninitialized>
         <run_address>0x1322</run_address>
         <size>0x2</size>
      </object_component>
      <object_component id="oc-284">
         <name>.common:aux_j</name>
         <uninitialized>true</uninitialized>
         <run_address>0x1320</run_address>
         <size>0x2</size>
      </object_component>
      <object_component id="oc-2e3">
         <name>.common:acc_divider</name>
         <uninitialized>true</uninitialized>
         <run_address>0x130e</run_address>
         <size>0x4</size>
      </object_component>
      <object_component id="oc-2a4">
         <name>.common:COLS</name>
         <uninitialized>true</uninitialized>
         <run_address>0x131e</run_address>
         <size>0x2</size>
      </object_component>
      <object_component id="oc-203">
         <name>.common:accelerometer_data</name>
         <uninitialized>true</uninitialized>
         <run_address>0x12f2</run_address>
         <size>0xc</size>
      </object_component>
      <object_component id="oc-4f5">
         <name>.common:__TI_cleanup_ptr</name>
         <uninitialized>true</uninitialized>
         <run_address>0x1306</run_address>
         <size>0x4</size>
      </object_component>
      <object_component id="oc-16f">
         <name>.common:__TI_dtors_ptr</name>
         <uninitialized>true</uninitialized>
         <run_address>0x130a</run_address>
         <size>0x4</size>
      </object_component>
      <object_component id="oc-399">
         <name>.common:sys_free</name>
         <uninitialized>true</uninitialized>
         <run_address>0x131a</run_address>
         <size>0x4</size>
      </object_component>
      <object_component id="oc-396">
         <name>.common:sys_base</name>
         <uninitialized>true</uninitialized>
         <run_address>0x1316</run_address>
         <size>0x4</size>
      </object_component>
      <object_component id="oc-395">
         <name>.common:memsize</name>
         <uninitialized>true</uninitialized>
         <run_address>0x1324</run_address>
         <size>0x2</size>
      </object_component>
      <object_component id="oc-562">
         <name>.common:parmbuf</name>
         <uninitialized>true</uninitialized>
         <run_address>0x12fe</run_address>
         <size>0x8</size>
      </object_component>
      <object_component id="oc-334">
         <name>.common:curr_vla_pool</name>
         <uninitialized>true</uninitialized>
         <run_address>0x1312</run_address>
         <size>0x4</size>
      </object_component>
      <object_component id="oc-327">
         <name>.common:pool$1</name>
         <uninitialized>true</uninitialized>
         <run_address>0x12e0</run_address>
         <size>0x12</size>
      </object_component>
      <object_component id="oc-401">
         <name>.common:__TI_tmpnams</name>
         <uninitialized>true</uninitialized>
         <run_address>0x1100</run_address>
         <size>0xa0</size>
      </object_component>
      <object_component id="oc-ed">
         <name>.data</name>
         <load_address>0x14a2</load_address>
         <run_address>0x14a2</run_address>
         <size>0x8</size>
         <input_file_ref idref="fl-7"/>
      </object_component>
      <object_component id="oc-ee">
         <name>.data</name>
         <load_address>0x14b2</load_address>
         <run_address>0x14b2</run_address>
         <size>0x4</size>
         <input_file_ref idref="fl-3"/>
      </object_component>
      <object_component id="oc-169">
         <name>.data</name>
         <load_address>0x14aa</load_address>
         <run_address>0x14aa</run_address>
         <size>0x8</size>
         <input_file_ref idref="fl-76"/>
      </object_component>
      <object_component id="oc-1f3">
         <name>.data</name>
         <load_address>0x14ba</load_address>
         <run_address>0x14ba</run_address>
         <size>0x4</size>
         <input_file_ref idref="fl-9"/>
      </object_component>
      <object_component id="oc-29a">
         <name>.data:_ftable</name>
         <load_address>0x1326</load_address>
         <run_address>0x1326</run_address>
         <size>0xc8</size>
         <input_file_ref idref="fl-7b"/>
      </object_component>
      <object_component id="oc-2ea">
         <name>.data</name>
         <load_address>0x14c2</load_address>
         <run_address>0x14c2</run_address>
         <size>0x2</size>
         <input_file_ref idref="fl-67"/>
      </object_component>
      <object_component id="oc-39b">
         <name>.data</name>
         <load_address>0x14c0</load_address>
         <run_address>0x14c0</run_address>
         <size>0x2</size>
         <input_file_ref idref="fl-41"/>
      </object_component>
      <object_component id="oc-39c">
         <name>.data</name>
         <load_address>0x14be</load_address>
         <run_address>0x14be</run_address>
         <size>0x2</size>
         <input_file_ref idref="fl-7b"/>
      </object_component>
      <object_component id="oc-414">
         <name>.data</name>
         <load_address>0x14b6</load_address>
         <run_address>0x14b6</run_address>
         <size>0x4</size>
         <input_file_ref idref="fl-64"/>
      </object_component>
      <object_component id="oc-418">
         <name>.data:_stream</name>
         <load_address>0x1466</load_address>
         <run_address>0x1466</run_address>
         <size>0x3c</size>
         <input_file_ref idref="fl-64"/>
      </object_component>
      <object_component id="oc-463">
         <name>.data:_device</name>
         <load_address>0x13ee</load_address>
         <run_address>0x13ee</run_address>
         <size>0x78</size>
         <input_file_ref idref="fl-64"/>
      </object_component>
      <object_component id="oc-72">
         <name>.debug_frame</name>
         <load_address>0x0</load_address>
         <run_address>0x0</run_address>
         <size>0x42</size>
         <input_file_ref idref="fl-39"/>
      </object_component>
      <object_component id="oc-7b">
         <name>.debug_frame</name>
         <load_address>0x42</load_address>
         <run_address>0x42</run_address>
         <size>0x47</size>
         <input_file_ref idref="fl-3a"/>
      </object_component>
      <object_component id="oc-7f">
         <name>.debug_frame</name>
         <load_address>0x89</load_address>
         <run_address>0x89</run_address>
         <size>0x47</size>
         <input_file_ref idref="fl-3c"/>
      </object_component>
      <object_component id="oc-84">
         <name>.debug_frame</name>
         <load_address>0xd0</load_address>
         <run_address>0xd0</run_address>
         <size>0x47</size>
         <input_file_ref idref="fl-3b"/>
      </object_component>
      <object_component id="oc-9a">
         <name>.debug_frame</name>
         <load_address>0x117</load_address>
         <run_address>0x117</run_address>
         <size>0x53</size>
         <input_file_ref idref="fl-7"/>
      </object_component>
      <object_component id="oc-a0">
         <name>.debug_frame</name>
         <load_address>0x16a</load_address>
         <run_address>0x16a</run_address>
         <size>0x53</size>
         <input_file_ref idref="fl-7"/>
      </object_component>
      <object_component id="oc-a6">
         <name>.debug_frame</name>
         <load_address>0x1bd</load_address>
         <run_address>0x1bd</run_address>
         <size>0x47</size>
         <input_file_ref idref="fl-7"/>
      </object_component>
      <object_component id="oc-ac">
         <name>.debug_frame</name>
         <load_address>0x204</load_address>
         <run_address>0x204</run_address>
         <size>0x47</size>
         <input_file_ref idref="fl-6b"/>
      </object_component>
      <object_component id="oc-b2">
         <name>.debug_frame</name>
         <load_address>0x24b</load_address>
         <run_address>0x24b</run_address>
         <size>0x56</size>
         <input_file_ref idref="fl-7a"/>
      </object_component>
      <object_component id="oc-b8">
         <name>.debug_frame</name>
         <load_address>0x2a1</load_address>
         <run_address>0x2a1</run_address>
         <size>0x4d</size>
         <input_file_ref idref="fl-8"/>
      </object_component>
      <object_component id="oc-bd">
         <name>.debug_frame</name>
         <load_address>0x2ee</load_address>
         <run_address>0x2ee</run_address>
         <size>0x50</size>
         <input_file_ref idref="fl-3e"/>
      </object_component>
      <object_component id="oc-c1">
         <name>.debug_frame</name>
         <load_address>0x33e</load_address>
         <run_address>0x33e</run_address>
         <size>0x47</size>
         <input_file_ref idref="fl-66"/>
      </object_component>
      <object_component id="oc-d5">
         <name>.debug_frame</name>
         <load_address>0x385</load_address>
         <run_address>0x385</run_address>
         <size>0x53</size>
         <input_file_ref idref="fl-3b"/>
      </object_component>
      <object_component id="oc-108">
         <name>.debug_frame</name>
         <load_address>0x3d8</load_address>
         <run_address>0x3d8</run_address>
         <size>0x47</size>
         <input_file_ref idref="fl-8"/>
      </object_component>
      <object_component id="oc-10e">
         <name>.debug_frame</name>
         <load_address>0x41f</load_address>
         <run_address>0x41f</run_address>
         <size>0x47</size>
         <input_file_ref idref="fl-b"/>
      </object_component>
      <object_component id="oc-114">
         <name>.debug_frame</name>
         <load_address>0x466</load_address>
         <run_address>0x466</run_address>
         <size>0x47</size>
         <input_file_ref idref="fl-a"/>
      </object_component>
      <object_component id="oc-11a">
         <name>.debug_frame</name>
         <load_address>0x4ad</load_address>
         <run_address>0x4ad</run_address>
         <size>0x47</size>
         <input_file_ref idref="fl-6"/>
      </object_component>
      <object_component id="oc-120">
         <name>.debug_frame</name>
         <load_address>0x4f4</load_address>
         <run_address>0x4f4</run_address>
         <size>0x47</size>
         <input_file_ref idref="fl-3"/>
      </object_component>
      <object_component id="oc-126">
         <name>.debug_frame</name>
         <load_address>0x53b</load_address>
         <run_address>0x53b</run_address>
         <size>0x56</size>
         <input_file_ref idref="fl-9"/>
      </object_component>
      <object_component id="oc-12c">
         <name>.debug_frame</name>
         <load_address>0x591</load_address>
         <run_address>0x591</run_address>
         <size>0x47</size>
         <input_file_ref idref="fl-9"/>
      </object_component>
      <object_component id="oc-132">
         <name>.debug_frame</name>
         <load_address>0x5d8</load_address>
         <run_address>0x5d8</run_address>
         <size>0x4d</size>
         <input_file_ref idref="fl-9"/>
      </object_component>
      <object_component id="oc-13b">
         <name>.debug_frame</name>
         <load_address>0x625</load_address>
         <run_address>0x625</run_address>
         <size>0x51</size>
         <input_file_ref idref="fl-8"/>
      </object_component>
      <object_component id="oc-142">
         <name>.debug_frame</name>
         <load_address>0x676</load_address>
         <run_address>0x676</run_address>
         <size>0x47</size>
         <input_file_ref idref="fl-3"/>
      </object_component>
      <object_component id="oc-14e">
         <name>.debug_frame</name>
         <load_address>0x6bd</load_address>
         <run_address>0x6bd</run_address>
         <size>0x96</size>
         <input_file_ref idref="fl-74"/>
      </object_component>
      <object_component id="oc-154">
         <name>.debug_frame</name>
         <load_address>0x753</load_address>
         <run_address>0x753</run_address>
         <size>0x47</size>
         <input_file_ref idref="fl-5"/>
      </object_component>
      <object_component id="oc-15a">
         <name>.debug_frame</name>
         <load_address>0x79a</load_address>
         <run_address>0x79a</run_address>
         <size>0x5d</size>
         <input_file_ref idref="fl-8"/>
      </object_component>
      <object_component id="oc-160">
         <name>.debug_frame</name>
         <load_address>0x7f7</load_address>
         <run_address>0x7f7</run_address>
         <size>0x70</size>
         <input_file_ref idref="fl-74"/>
      </object_component>
      <object_component id="oc-167">
         <name>.debug_frame</name>
         <load_address>0x867</load_address>
         <run_address>0x867</run_address>
         <size>0x66</size>
         <input_file_ref idref="fl-9"/>
      </object_component>
      <object_component id="oc-177">
         <name>.debug_frame</name>
         <load_address>0x8cd</load_address>
         <run_address>0x8cd</run_address>
         <size>0x47</size>
         <input_file_ref idref="fl-3e"/>
      </object_component>
      <object_component id="oc-1c2">
         <name>.debug_frame</name>
         <load_address>0x914</load_address>
         <run_address>0x914</run_address>
         <size>0x47</size>
         <input_file_ref idref="fl-3"/>
      </object_component>
      <object_component id="oc-1c8">
         <name>.debug_frame</name>
         <load_address>0x95b</load_address>
         <run_address>0x95b</run_address>
         <size>0x47</size>
         <input_file_ref idref="fl-3"/>
      </object_component>
      <object_component id="oc-1ce">
         <name>.debug_frame</name>
         <load_address>0x9a2</load_address>
         <run_address>0x9a2</run_address>
         <size>0x47</size>
         <input_file_ref idref="fl-3"/>
      </object_component>
      <object_component id="oc-1d5">
         <name>.debug_frame</name>
         <load_address>0x9e9</load_address>
         <run_address>0x9e9</run_address>
         <size>0x47</size>
         <input_file_ref idref="fl-3"/>
      </object_component>
      <object_component id="oc-1df">
         <name>.debug_frame</name>
         <load_address>0xa30</load_address>
         <run_address>0xa30</run_address>
         <size>0x47</size>
         <input_file_ref idref="fl-9"/>
      </object_component>
      <object_component id="oc-1e5">
         <name>.debug_frame</name>
         <load_address>0xa77</load_address>
         <run_address>0xa77</run_address>
         <size>0x50</size>
         <input_file_ref idref="fl-9"/>
      </object_component>
      <object_component id="oc-1f2">
         <name>.debug_frame</name>
         <load_address>0xac7</load_address>
         <run_address>0xac7</run_address>
         <size>0x47</size>
         <input_file_ref idref="fl-9"/>
      </object_component>
      <object_component id="oc-20c">
         <name>.debug_frame</name>
         <load_address>0xb0e</load_address>
         <run_address>0xb0e</run_address>
         <size>0x54</size>
         <input_file_ref idref="fl-67"/>
      </object_component>
      <object_component id="oc-22f">
         <name>.debug_frame</name>
         <load_address>0xb62</load_address>
         <run_address>0xb62</run_address>
         <size>0x47</size>
         <input_file_ref idref="fl-3"/>
      </object_component>
      <object_component id="oc-237">
         <name>.debug_frame</name>
         <load_address>0xba9</load_address>
         <run_address>0xba9</run_address>
         <size>0x47</size>
         <input_file_ref idref="fl-7e"/>
      </object_component>
      <object_component id="oc-240">
         <name>.debug_frame</name>
         <load_address>0xbf0</load_address>
         <run_address>0xbf0</run_address>
         <size>0x5a</size>
         <input_file_ref idref="fl-74"/>
      </object_component>
      <object_component id="oc-246">
         <name>.debug_frame</name>
         <load_address>0xc4a</load_address>
         <run_address>0xc4a</run_address>
         <size>0x47</size>
         <input_file_ref idref="fl-74"/>
      </object_component>
      <object_component id="oc-24c">
         <name>.debug_frame</name>
         <load_address>0xc91</load_address>
         <run_address>0xc91</run_address>
         <size>0x47</size>
         <input_file_ref idref="fl-74"/>
      </object_component>
      <object_component id="oc-261">
         <name>.debug_frame</name>
         <load_address>0xcd8</load_address>
         <run_address>0xcd8</run_address>
         <size>0x53</size>
         <input_file_ref idref="fl-41"/>
      </object_component>
      <object_component id="oc-269">
         <name>.debug_frame</name>
         <load_address>0xd2b</load_address>
         <run_address>0xd2b</run_address>
         <size>0x56</size>
         <input_file_ref idref="fl-6c"/>
      </object_component>
      <object_component id="oc-279">
         <name>.debug_frame</name>
         <load_address>0xd81</load_address>
         <run_address>0xd81</run_address>
         <size>0x53</size>
         <input_file_ref idref="fl-3d"/>
      </object_component>
      <object_component id="oc-27f">
         <name>.debug_frame</name>
         <load_address>0xdd4</load_address>
         <run_address>0xdd4</run_address>
         <size>0x56</size>
         <input_file_ref idref="fl-42"/>
      </object_component>
      <object_component id="oc-289">
         <name>.debug_frame</name>
         <load_address>0xe2a</load_address>
         <run_address>0xe2a</run_address>
         <size>0x50</size>
         <input_file_ref idref="fl-3f"/>
      </object_component>
      <object_component id="oc-294">
         <name>.debug_frame</name>
         <load_address>0xe7a</load_address>
         <run_address>0xe7a</run_address>
         <size>0x51</size>
         <input_file_ref idref="fl-67"/>
      </object_component>
      <object_component id="oc-2ab">
         <name>.debug_frame</name>
         <load_address>0xecb</load_address>
         <run_address>0xecb</run_address>
         <size>0x47</size>
         <input_file_ref idref="fl-76"/>
      </object_component>
      <object_component id="oc-2ce">
         <name>.debug_frame</name>
         <load_address>0xf12</load_address>
[...]
         <value>0xffca</value>
         <object_component_ref idref="oc-57"/>
      </symbol>
      <symbol id="sm-468">
         <name>__TI_int06</name>
         <value>0xffcc</value>
         <object_component_ref idref="oc-58"/>
      </symbol>
      <symbol id="sm-46b">
         <name>__TI_int07</name>
         <value>0xffce</value>
         <object_component_ref idref="oc-59"/>
      </symbol>
      <symbol id="sm-46e">
         <name>__TI_int08</name>
         <value>0xffd0</value>
         <object_component_ref idref="oc-5a"/>
      </symbol>
      <symbol id="sm-471">
         <name>__TI_int09</name>
         <value>0xffd2</value>
         <object_component_ref idref="oc-5b"/>
      </symbol>
      <symbol id="sm-474">
         <name>__TI_int10</name>
         <value>0xffd4</value>
         <object_component_ref idref="oc-5c"/>
      </symbol>
      <symbol id="sm-477">
         <name>__TI_int11</name>
         <value>0xffd6</value>
         <object_component_ref idref="oc-5d"/>
      </symbol>
      <symbol id="sm-47a">
         <name>__TI_int12</name>
         <value>0xffd8</value>
         <object_component_ref idref="oc-5e"/>
      </symbol>
      <symbol id="sm-47d">
         <name>__TI_int13</name>
         <value>0xffda</value>
         <object_component_ref idref="oc-5f"/>
      </symbol>
      <symbol id="sm-480">
         <name>__TI_int14</name>
         <value>0xffdc</value>
         <object_component_ref idref="oc-60"/>
      </symbol>
      <symbol id="sm-483">
         <name>__TI_int15</name>
         <value>0xffde</value>
         <object_component_ref idref="oc-61"/>
      </symbol>
      <symbol id="sm-486">
         <name>__TI_int16</name>
         <value>0xffe0</value>
         <object_component_ref idref="oc-62"/>
      </symbol>
      <symbol id="sm-489">
         <name>__TI_int18</name>
         <value>0xffe4</value>
         <object_component_ref idref="oc-64"/>
      </symbol>
      <symbol id="sm-48c">
         <name>__TI_int19</name>
         <value>0xffe6</value>
         <object_component_ref idref="oc-65"/>
      </symbol>
      <symbol id="sm-48f">
         <name>__TI_int20</name>
         <value>0xffe8</value>
         <object_component_ref idref="oc-66"/>
      </symbol>
      <symbol id="sm-492">
         <name>__TI_int21</name>
         <value>0xffea</value>
         <object_component_ref idref="oc-67"/>
      </symbol>
      <symbol id="sm-495">
         <name>__TI_int22</name>
         <value>0xffec</value>
         <object_component_ref idref="oc-68"/>
      </symbol>
      <symbol id="sm-498">
         <name>__TI_int24</name>
         <value>0xfff0</value>
         <object_component_ref idref="oc-6a"/>
      </symbol>
      <symbol id="sm-49b">
         <name>__TI_int26</name>
         <value>0xfff4</value>
         <object_component_ref idref="oc-6c"/>
      </symbol>
      <symbol id="sm-49e">
         <name>__TI_int27</name>
         <value>0xfff6</value>
         <object_component_ref idref="oc-6d"/>
      </symbol>
      <symbol id="sm-4a1">
         <name>__TI_int28</name>
         <value>0xfff8</value>
         <object_component_ref idref="oc-6e"/>
      </symbol>
      <symbol id="sm-4a4">
         <name>__TI_int29</name>
         <value>0xfffa</value>
         <object_component_ref idref="oc-6f"/>
      </symbol>
      <symbol id="sm-4a7">
         <name>__TI_int30</name>
         <value>0xfffc</value>
         <object_component_ref idref="oc-70"/>
      </symbol>
      <symbol id="sm-4af">
         <name>__TI_ISR_TRAP</name>
         <value>0x1227e</value>
         <object_component_ref idref="oc-90"/>
      </symbol>
      <symbol id="sm-524">
         <name>open</name>
         <value>0x10c1c</value>
         <object_component_ref idref="oc-3ad"/>
      </symbol>
      <symbol id="sm-525">
         <name>lseek</name>
         <value>0x11d7c</value>
         <object_component_ref idref="oc-4ed"/>
      </symbol>
      <symbol id="sm-526">
         <name>write</name>
         <value>0x11dba</value>
         <object_component_ref idref="oc-434"/>
      </symbol>
      <symbol id="sm-527">
         <name>close</name>
         <value>0x1186a</value>
         <object_component_ref idref="oc-3fb"/>
      </symbol>
      <symbol id="sm-528">
         <name>unlink</name>
         <value>0x11f66</value>
         <object_component_ref idref="oc-402"/>
      </symbol>
      <symbol id="sm-537">
         <name>memchr</name>
         <value>0x12194</value>
         <object_component_ref idref="oc-42e"/>
      </symbol>
      <symbol id="sm-545">
         <name>memcpy</name>
         <value>0x12202</value>
         <object_component_ref idref="oc-c0"/>
      </symbol>
      <symbol id="sm-5ab">
         <name>_sys_memory</name>
         <value>0x15e4</value>
         <object_component_ref idref="oc-8d"/>
      </symbol>
      <symbol id="sm-5ac">
         <name>free</name>
         <value>0x10f48</value>
         <object_component_ref idref="oc-28f"/>
      </symbol>
      <symbol id="sm-5ad">
         <name>realloc</name>
         <value>0x10198</value>
         <object_component_ref idref="oc-32d"/>
      </symbol>
      <symbol id="sm-5ae">
         <name>malloc</name>
         <value>0x10b62</value>
         <object_component_ref idref="oc-207"/>
      </symbol>
      <symbol id="sm-5af">
         <name>minit</name>
         <value>0x11c00</value>
         <object_component_ref idref="oc-2ed"/>
      </symbol>
      <symbol id="sm-5bd">
         <name>memset</name>
         <value>0x121aa</value>
         <object_component_ref idref="oc-39f"/>
      </symbol>
      <symbol id="sm-5c6">
         <name>__mspabi_mpyi_hw</name>
         <value>0x121d6</value>
         <object_component_ref idref="oc-144"/>
      </symbol>
      <symbol id="sm-5cf">
         <name>_system_pre_init</name>
         <value>0x122a2</value>
         <object_component_ref idref="oc-a7"/>
      </symbol>
      <symbol id="sm-5ed">
         <name>printf</name>
         <value>0x11a5e</value>
         <object_component_ref idref="oc-264"/>
      </symbol>
      <symbol id="sm-5fd">
         <name>strchr</name>
         <value>0x12122</value>
         <object_component_ref idref="oc-46e"/>
      </symbol>
      <symbol id="sm-60b">
         <name>strcmp</name>
         <value>0x120ec</value>
         <object_component_ref idref="oc-4e6"/>
      </symbol>
      <symbol id="sm-618">
         <name>strlen</name>
         <value>0x12262</value>
         <object_component_ref idref="oc-3ce"/>
      </symbol>
      <symbol id="sm-628">
         <name>strncpy</name>
         <value>0x11f04</value>
         <object_component_ref idref="oc-474"/>
      </symbol>
      <symbol id="sm-663">
         <name>HOSTrename</name>
         <value>0x111e0</value>
         <object_component_ref idref="oc-4d9"/>
      </symbol>
      <symbol id="sm-664">
         <name>HOSTclose</name>
         <value>0x119c6</value>
         <object_component_ref idref="oc-4bb"/>
      </symbol>
      <symbol id="sm-665">
         <name>HOSTunlink</name>
         <value>0x11af0</value>
         <object_component_ref idref="oc-4d3"/>
      </symbol>
      <symbol id="sm-666">
         <name>HOSTlseek</name>
         <value>0x10e1a</value>
         <object_component_ref idref="oc-4cd"/>
      </symbol>
      <symbol id="sm-667">
         <name>HOSTopen</name>
         <value>0x113a8</value>
         <object_component_ref idref="oc-4b5"/>
      </symbol>
      <symbol id="sm-668">
         <name>HOSTwrite</name>
         <value>0x114f0</value>
         <object_component_ref idref="oc-4c7"/>
      </symbol>
      <symbol id="sm-669">
         <name>HOSTread</name>
         <value>0x115c4</value>
         <object_component_ref idref="oc-4c1"/>
      </symbol>
      <symbol id="sm-687">
         <name>__TI_readmsg</name>
         <value>0x11ed2</value>
         <object_component_ref idref="oc-519"/>
      </symbol>
      <symbol id="sm-688">
         <name>C$$IO$$</name>
         <value>0x11e98</value>
         <object_component_ref idref="oc-512"/>
      </symbol>
      <symbol id="sm-689">
         <name>_CIOBUF_</name>
         <value>0x14c4</value>
         <object_component_ref idref="oc-572"/>
      </symbol>
      <symbol id="sm-68a">
         <name>__TI_writemsg</name>
         <value>0x11e66</value>
         <object_component_ref idref="oc-512"/>
      </symbol>
      <symbol id="sm-702">
         <name>__vla_dealloc</name>
         <value>0x10a92</value>
         <object_component_ref idref="oc-15b"/>
      </symbol>
      <symbol id="sm-703">
         <name>__vla_alloc</name>
         <value>0x10000</value>
         <object_component_ref idref="oc-149"/>
      </symbol>
      <symbol id="sm-71b">
         <name>__TI_wrt_ok</name>
         <value>0x110e4</value>
         <object_component_ref idref="oc-428"/>
      </symbol>
      <symbol id="sm-72c">
         <name>_nop</name>
         <value>0x122ac</value>
         <object_component_ref idref="oc-2a6"/>
      </symbol>
      <symbol id="sm-72d">
         <name>_lock</name>
         <value>0x14aa</value>
         <object_component_ref idref="oc-169"/>
      </symbol>
      <symbol id="sm-72e">
         <name>_unlock</name>
         <value>0x14ae</value>
         <object_component_ref idref="oc-169"/>
      </symbol>
      <symbol id="sm-796">
         <name>__TI_printfi_minimal</name>
         <value>0x109c0</value>
         <object_component_ref idref="oc-352"/>
      </symbol>
      <symbol id="sm-79f">
         <name>__mspabi_sral_15</name>
         <value>0x11cc2</value>
         <object_component_ref idref="oc-35a"/>
      </symbol>
      <symbol id="sm-7a0">
         <name>__mspabi_sral_14</name>
         <value>0x11cc6</value>
         <object_component_ref idref="oc-35a"/>
      </symbol>
      <symbol id="sm-7a1">
         <name>__mspabi_sral_13</name>
         <value>0x11cca</value>
         <object_component_ref idref="oc-35a"/>
      </symbol>
      <symbol id="sm-7a2">
         <name>__mspabi_sral_12</name>
         <value>0x11cce</value>
         <object_component_ref idref="oc-35a"/>
      </symbol>
      <symbol id="sm-7a3">
         <name>__mspabi_sral_11</name>
         <value>0x11cd2</value>
         <object_component_ref idref="oc-35a"/>
      </symbol>
      <symbol id="sm-7a4">
         <name>__mspabi_sral_10</name>
         <value>0x11cd6</value>
         <object_component_ref idref="oc-35a"/>
      </symbol>
      <symbol id="sm-7a5">
         <name>__mspabi_sral_8</name>
         <value>0x11cde</value>
         <object_component_ref idref="oc-35a"/>
      </symbol>
      <symbol id="sm-7a6">
         <name>__mspabi_sral_9</name>
         <value>0x11cda</value>
         <object_component_ref idref="oc-35a"/>
      </symbol>
      <symbol id="sm-7a7">
         <name>__mspabi_sral_6</name>
         <value>0x11ce6</value>
         <object_component_ref idref="oc-35a"/>
      </symbol>
      <symbol id="sm-7a8">
         <name>__mspabi_sral_7</name>
         <value>0x11ce2</value>
         <object_component_ref idref="oc-35a"/>
      </symbol>
      <symbol id="sm-7a9">
         <name>__mspabi_sral_4</name>
         <value>0x11cee</value>
         <object_component_ref idref="oc-35a"/>
      </symbol>
      <symbol id="sm-7aa">
         <name>__mspabi_sral_5</name>
         <value>0x11cea</value>
         <object_component_ref idref="oc-35a"/>
      </symbol>
      <symbol id="sm-7ab">
         <name>__mspabi_sral_2</name>
         <value>0x11cf6</value>
         <object_component_ref idref="oc-35a"/>
      </symbol>
      <symbol id="sm-7ac">
         <name>__mspabi_sral_3</name>
         <value>0x11cf2</value>
         <object_component_ref idref="oc-35a"/>
      </symbol>
      <symbol id="sm-7ad">
         <name>__mspabi_sral_1</name>
         <value>0x11cfa</value>
         <object_component_ref idref="oc-35a"/>
      </symbol>
      <symbol id="sm-7c4">
         <name>_auto_init_hold_wdt</name>
         <value>0x11416</value>
         <object_component_ref idref="oc-ad"/>
      </symbol>
      <symbol id="sm-7d4">
         <name>__TI_tmpnams</name>
         <value>0x1100</value>
      </symbol>
      <symbol id="sm-7d5">
         <name>_ftable</name>
         <value>0x1326</value>
         <object_component_ref idref="oc-29a"/>
      </symbol>
      <symbol id="sm-7d6">
         <name>__TI_ft_end</name>
         <value>0x14be</value>
         <object_component_ref idref="oc-39c"/>
      </symbol>
      <symbol id="sm-7e2">
         <name>__mspabi_remi</name>
         <value>0x11ff2</value>
         <object_component_ref idref="oc-41b"/>
      </symbol>
      <symbol id="sm-7e3">
         <name>__mspabi_divi</name>
         <value>0x11ff2</value>
         <object_component_ref idref="oc-41b"/>
      </symbol>
      <symbol id="sm-7ed">
         <name>__mspabi_remu</name>
         <value>0x121c0</value>
         <object_component_ref idref="oc-468"/>
      </symbol>
      <symbol id="sm-7ee">
         <name>__mspabi_divu</name>
         <value>0x121c0</value>
         <object_component_ref idref="oc-468"/>
      </symbol>
      <symbol id="sm-7f7">
         <name>__abort_execution</name>
         <value>0x12296</value>
         <object_component_ref idref="oc-232"/>
      </symbol>
      <symbol id="sm-807">
         <name>fseek</name>
         <value>0x1155a</value>
         <object_component_ref idref="oc-48d"/>
      </symbol>
      <symbol id="sm-80f">
         <name>__mspabi_slll_9</name>
         <value>0x11d18</value>
         <object_component_ref idref="oc-54b"/>
      </symbol>
      <symbol id="sm-810">
         <name>__mspabi_slll_8</name>
         <value>0x11d1c</value>
         <object_component_ref idref="oc-54b"/>
      </symbol>
      <symbol id="sm-811">
         <name>__mspabi_slll_7</name>
         <value>0x11d20</value>
         <object_component_ref idref="oc-54b"/>
      </symbol>
      <symbol id="sm-812">
         <name>__mspabi_slll_6</name>
         <value>0x11d24</value>
         <object_component_ref idref="oc-54b"/>
      </symbol>
      <symbol id="sm-813">
         <name>__mspabi_slll_5</name>
         <value>0x11d28</value>
         <object_component_ref idref="oc-54b"/>
      </symbol>
      <symbol id="sm-814">
         <name>__mspabi_slll_4</name>
         <value>0x11d2c</value>
         <object_component_ref idref="oc-54b"/>
      </symbol>
      <symbol id="sm-815">
         <name>__mspabi_slll_3</name>
         <value>0x11d30</value>
         <object_component_ref idref="oc-54b"/>
      </symbol>
      <symbol id="sm-816">
         <name>__mspabi_slll_2</name>
         <value>0x11d34</value>
         <object_component_ref idref="oc-54b"/>
      </symbol>
      <symbol id="sm-817">
         <name>__mspabi_slll_1</name>
         <value>0x11d38</value>
         <object_component_ref idref="oc-54b"/>
      </symbol>
      <symbol id="sm-818">
         <name>__mspabi_slll_15</name>
         <value>0x11d00</value>
         <object_component_ref idref="oc-54b"/>
      </symbol>
      <symbol id="sm-819">
         <name>__mspabi_slll_14</name>
         <value>0x11d04</value>
         <object_component_ref idref="oc-54b"/>
      </symbol>
      <symbol id="sm-81a">
         <name>__mspabi_slll_13</name>
         <value>0x11d08</value>
         <object_component_ref idref="oc-54b"/>
      </symbol>
      <symbol id="sm-81b">
         <name>__mspabi_slll_12</name>
         <value>0x11d0c</value>
         <object_component_ref idref="oc-54b"/>
      </symbol>
      <symbol id="sm-81c">
         <name>__mspabi_slll_11</name>
         <value>0x11d10</value>
         <object_component_ref idref="oc-54b"/>
      </symbol>
      <symbol id="sm-81d">
         <name>__mspabi_slll_10</name>
         <value>0x11d14</value>
         <object_component_ref idref="oc-54b"/>
      </symbol>
      <symbol id="sm-825">
         <name>__mspabi_srll_8</name>
         <value>0x11d5a</value>
         <object_component_ref idref="oc-53e"/>
      </symbol>
      <symbol id="sm-826">
         <name>__mspabi_srll_9</name>
         <value>0x11d56</value>
         <object_component_ref idref="oc-53e"/>
      </symbol>
      <symbol id="sm-827">
         <name>__mspabi_srll_6</name>
         <value>0x11d62</value>
         <object_component_ref idref="oc-53e"/>
      </symbol>
      <symbol id="sm-828">
         <name>__mspabi_srll_7</name>
         <value>0x11d5e</value>
         <object_component_ref idref="oc-53e"/>
      </symbol>
      <symbol id="sm-829">
         <name>__mspabi_srll_4</name>
         <value>0x11d6a</value>
         <object_component_ref idref="oc-53e"/>
      </symbol>
      <symbol id="sm-82a">
         <name>__mspabi_srll_5</name>
         <value>0x11d66</value>
         <object_component_ref idref="oc-53e"/>
      </symbol>
      <symbol id="sm-82b">
         <name>__mspabi_srll_2</name>
         <value>0x11d72</value>
         <object_component_ref idref="oc-53e"/>
      </symbol>
      <symbol id="sm-82c">
         <name>__mspabi_srll_3</name>
         <value>0x11d6e</value>
         <object_component_ref idref="oc-53e"/>
      </symbol>
      <symbol id="sm-82d">
         <name>__mspabi_srll_1</name>
         <value>0x11d76</value>
         <object_component_ref idref="oc-53e"/>
      </symbol>
      <symbol id="sm-82e">
         <name>__mspabi_srll_15</name>
         <value>0x11d3e</value>
         <object_component_ref idref="oc-53e"/>
      </symbol>
      <symbol id="sm-82f">
         <name>__mspabi_srll_14</name>
         <value>0x11d42</value>
         <object_component_ref idref="oc-53e"/>
      </symbol>
      <symbol id="sm-830">
         <name>__mspabi_srll_13</name>
         <value>0x11d46</value>
         <object_component_ref idref="oc-53e"/>
      </symbol>
      <symbol id="sm-831">
         <name>__mspabi_srll_12</name>
         <value>0x11d4a</value>
         <object_component_ref idref="oc-53e"/>
      </symbol>
      <symbol id="sm-832">
         <name>__mspabi_srll_11</name>
         <value>0x11d4e</value>
         <object_component_ref idref="oc-53e"/>
      </symbol>
      <symbol id="sm-833">
         <name>__mspabi_srll_10</name>
         <value>0x11d52</value>
         <object_component_ref idref="oc-53e"/>
      </symbol>
      <symbol id="sm-842">
         <name>memccpy</name>
         <value>0x120b0</value>
         <object_component_ref idref="oc-447"/>
      </symbol>
      <symbol id="sm-85a">
         <name>setvbuf</name>
         <value>0x108e0</value>
         <object_component_ref idref="oc-493"/>
      </symbol>
      <symbol id="sm-867">
         <name>strcpy</name>
         <value>0x12250</value>
         <object_component_ref idref="oc-559"/>
      </symbol>
      <symbol id="sm-868">
         <name>__TI_exit</name>
         <value>0x1</value>
      </symbol>
      <symbol id="sm-869">
         <name>__TI_args_main</name>
         <value>0x1</value>
      </symbol>
      <symbol id="sm-86a">
         <name>__TI_INITARRAY_Base</name>
         <value>0x0</value>
      </symbol>
      <symbol id="sm-86b">
         <name>__TI_INITARRAY_Limit</name>
         <value>0x0</value>
      </symbol>
      <symbol id="sm-86e">
         <name>remove</name>
         <value>0x11f66</value>
      </symbol>
   </symbol_table>
   <title>Link successful</title>
</link_info>
