******************************************************************************
                  MSP430 Linker PC v4.3.3                      
******************************************************************************
>> Linked Fri Dec 05 15:08:12 2014

OUTPUT FILE NAME:   <MAIN_v1.out>
ENTRY POINT SYMBOL: "_c_int00"  address: 00002160


MEMORY CONFIGURATION

         name            origin    length      used     unused   attr    fill
----------------------  --------  ---------  --------  --------  ----  --------
  SFR                   00000000   00000010  00000000  00000010  RWIX
  PERIPHERALS_8BIT      00000010   000000f0  00000000  000000f0  RWIX
  PERIPHERALS_16BIT     00000100   00000100  00000000  00000100  RWIX
  INFOD                 00001000   00000040  00000000  00000040  RWIX
  INFOC                 00001040   00000040  00000000  00000040  RWIX
  INFOB                 00001080   00000040  00000000  00000040  RWIX
  INFOA                 000010c0   00000040  00000000  00000040  RWIX
  RAM                   00001100   00001000  00000220  00000de0  RWIX
  FLASH                 00002100   0000debe  0000016e  0000dd50  RWIX
  INT00                 0000ffc0   00000002  00000002  00000000  RWIX
  INT01                 0000ffc2   00000002  00000002  00000000  RWIX
  INT02                 0000ffc4   00000002  00000002  00000000  RWIX
  INT03                 0000ffc6   00000002  00000002  00000000  RWIX
  INT04                 0000ffc8   00000002  00000002  00000000  RWIX
  INT05                 0000ffca   00000002  00000002  00000000  RWIX
  INT06                 0000ffcc   00000002  00000002  00000000  RWIX
  INT07                 0000ffce   00000002  00000002  00000000  RWIX
  INT08                 0000ffd0   00000002  00000002  00000000  RWIX
  INT09                 0000ffd2   00000002  00000002  00000000  RWIX
  INT10                 0000ffd4   00000002  00000002  00000000  RWIX
  INT11                 0000ffd6   00000002  00000002  00000000  RWIX
  INT12                 0000ffd8   00000002  00000002  00000000  RWIX
  INT13                 0000ffda   00000002  00000002  00000000  RWIX
  INT14                 0000ffdc   00000002  00000002  00000000  RWIX
  INT15                 0000ffde   00000002  00000002  00000000  RWIX
  INT16                 0000ffe0   00000002  00000002  00000000  RWIX
  INT17                 0000ffe2   00000002  00000002  00000000  RWIX
  INT18                 0000ffe4   00000002  00000002  00000000  RWIX
  INT19                 0000ffe6   00000002  00000002  00000000  RWIX
  INT20                 0000ffe8   00000002  00000002  00000000  RWIX
  INT21                 0000ffea   00000002  00000002  00000000  RWIX
  INT22                 0000ffec   00000002  00000002  00000000  RWIX
  INT23                 0000ffee   00000002  00000002  00000000  RWIX
  INT24                 0000fff0   00000002  00000002  00000000  RWIX
  INT25                 0000fff2   00000002  00000002  00000000  RWIX
  INT26                 0000fff4   00000002  00000002  00000000  RWIX
  INT27                 0000fff6   00000002  00000002  00000000  RWIX
  INT28                 0000fff8   00000002  00000002  00000000  RWIX
  INT29                 0000fffa   00000002  00000002  00000000  RWIX
  INT30                 0000fffc   00000002  00000002  00000000  RWIX
  RESET                 0000fffe   00000002  00000002  00000000  RWIX
  FLASH2                00010000   00010000  00000884  0000f77c  RWIX


SECTION ALLOCATION MAP

 output                                  attributes/
section   page    origin      length       input sections
--------  ----  ----------  ----------   ----------------
.init_array 
*          0    00002100    00000000     UNINITIALIZED

.bss       0    00001100    00000164     UNINITIALIZED
                  00001100    000000a0     (.common:data_from_ble)
                  000011a0    000000a0     (.common:data_from_terminal)
                  00001240    0000000c     (.common:accelerometer_data)
                  0000124c    00000004     (.common:__TI_cleanup_ptr)
                  00001250    00000004     (.common:__TI_dtors_ptr)
                  00001254    00000004     (.common:acc_divider)
                  00001258    00000004     (.common:sys_base)
                  0000125c    00000004     (.common:sys_free)
                  00001260    00000002     (.common:j)
                  00001262    00000002     (.common:memsize)

.TI.noinit 
*          0    00001100    00000000     UNINITIALIZED

.sysmem    0    00001264    00000050     UNINITIALIZED
                  00001264    00000006     rts430x_lc_rd_eabi.lib : memory.obj (.sysmem)
                  0000126a    0000004a     --HOLE--

.data      0    000012b4    0000001c     UNINITIALIZED
                  000012b4    00000008     interrupts.obj (.data)
                  000012bc    00000008     rts430x_lc_rd_eabi.lib : _lock.obj (.data)
                  000012c4    00000006     ble.obj (.data)
                  000012ca    00000004     sensors.obj (.data)
                  000012ce    00000002     rts430x_lc_rd_eabi.lib : memory.obj (.data)

.TI.persistent 
*          0    000012b4    00000000     UNINITIALIZED

.stack     0    000020b0    00000050     UNINITIALIZED
                  000020b0    00000004     rts430x_lc_rd_eabi.lib : boot.obj (.stack)
                  000020b4    0000004c     --HOLE--

.text:_isr 
*          0    00002100    00000088     
                  00002100    00000030     interrupts.obj (.text:_isr:USCI0RX_ISR)
                  00002130    00000030     interrupts.obj (.text:_isr:USCI1RX_ISR)
                  00002160    0000001c     rts430x_lc_rd_eabi.lib : boot.obj (.text:_isr:_c_int00_noargs)
                  0000217c    0000000c     interrupts.obj (.text:_isr:Timer_A)

.const     0    00002188    000000aa     
                  00002188    00000054     main.obj (.const:.string)
                  000021dc    0000002e     ble.obj (.const:.string)
                  0000220a    00000028     sensors.obj (.const:$P$T0$1)

.cinit     0    00002232    0000003c     
                  00002232    0000001a     (.cinit..data.load) [load image, compression = rle]
                  0000224c    0000000c     (__TI_handler_table)
                  00002258    00000006     (.cinit..bss.load) [load image, compression = zero_init]
                  0000225e    00000010     (__TI_cinit_table)

RESERVED0 
*          0    0000ffc0    00000002     
                  0000ffc0    00000002     rts430x_lc_rd_eabi.lib : int00.obj (.int00)

RESERVED1 
*          0    0000ffc2    00000002     
                  0000ffc2    00000002     rts430x_lc_rd_eabi.lib : int01.obj (.int01)

RESERVED2 
*          0    0000ffc4    00000002     
                  0000ffc4    00000002     rts430x_lc_rd_eabi.lib : int02.obj (.int02)

RESERVED3 
*          0    0000ffc6    00000002     
                  0000ffc6    00000002     rts430x_lc_rd_eabi.lib : int03.obj (.int03)

RESERVED4 
*          0    0000ffc8    00000002     
                  0000ffc8    00000002     rts430x_lc_rd_eabi.lib : int04.obj (.int04)

RESERVED5 
*          0    0000ffca    00000002     
                  0000ffca    00000002     rts430x_lc_rd_eabi.lib : int05.obj (.int05)

RESERVED6 
*          0    0000ffcc    00000002     
                  0000ffcc    00000002     rts430x_lc_rd_eabi.lib : int06.obj (.int06)

RESERVED7 
*          0    0000ffce    00000002     
                  0000ffce    00000002     rts430x_lc_rd_eabi.lib : int07.obj (.int07)

RESERVED8 
*          0    0000ffd0    00000002     
                  0000ffd0    00000002     rts430x_lc_rd_eabi.lib : int08.obj (.int08)

RESERVED9 
*          0    0000ffd2    00000002     
                  0000ffd2    00000002     rts430x_lc_rd_eabi.lib : int09.obj (.int09)

RESERVED10 
*          0    0000ffd4    00000002     
                  0000ffd4    00000002     rts430x_lc_rd_eabi.lib : int10.obj (.int10)

RESERVED11 
*          0    0000ffd6    00000002     
                  0000ffd6    00000002     rts430x_lc_rd_eabi.lib : int11.obj (.int11)

RESERVED12 
*          0    0000ffd8    00000002     
                  0000ffd8    00000002     rts430x_lc_rd_eabi.lib : int12.obj (.int12)

RESERVED13 
*          0    0000ffda    00000002     
                  0000ffda    00000002     rts430x_lc_rd_eabi.lib : int13.obj (.int13)

DAC12      0    0000ffdc    00000002     
                  0000ffdc    00000002     rts430x_lc_rd_eabi.lib : int14.obj (.int14)

DMA        0    0000ffde    00000002     
                  0000ffde    00000002     rts430x_lc_rd_eabi.lib : int15.obj (.int15)

USCIAB1TX 
*          0    0000ffe0    00000002     
                  0000ffe0    00000002     rts430x_lc_rd_eabi.lib : int16.obj (.int16)

USCIAB1RX 
*          0    0000ffe2    00000002     
                  0000ffe2    00000002     interrupts.obj (.int17)

PORT1      0    0000ffe4    00000002     
                  0000ffe4    00000002     rts430x_lc_rd_eabi.lib : int18.obj (.int18)

PORT2      0    0000ffe6    00000002     
                  0000ffe6    00000002     rts430x_lc_rd_eabi.lib : int19.obj (.int19)

RESERVED20 
*          0    0000ffe8    00000002     
                  0000ffe8    00000002     rts430x_lc_rd_eabi.lib : int20.obj (.int20)

ADC12      0    0000ffea    00000002     
                  0000ffea    00000002     rts430x_lc_rd_eabi.lib : int21.obj (.int21)

USCIAB0TX 
*          0    0000ffec    00000002     
                  0000ffec    00000002     rts430x_lc_rd_eabi.lib : int22.obj (.int22)

USCIAB0RX 
*          0    0000ffee    00000002     
                  0000ffee    00000002     interrupts.obj (.int23)

TIMERA1    0    0000fff0    00000002     
                  0000fff0    00000002     rts430x_lc_rd_eabi.lib : int24.obj (.int24)

TIMERA0    0    0000fff2    00000002     
                  0000fff2    00000002     interrupts.obj (.int25)

WDT        0    0000fff4    00000002     
                  0000fff4    00000002     rts430x_lc_rd_eabi.lib : int26.obj (.int26)

COMPARATORA 
*          0    0000fff6    00000002     
                  0000fff6    00000002     rts430x_lc_rd_eabi.lib : int27.obj (.int27)

TIMERB1    0    0000fff8    00000002     
                  0000fff8    00000002     rts430x_lc_rd_eabi.lib : int28.obj (.int28)

TIMERB0    0    0000fffa    00000002     
                  0000fffa    00000002     rts430x_lc_rd_eabi.lib : int29.obj (.int29)

NMI        0    0000fffc    00000002     
                  0000fffc    00000002     rts430x_lc_rd_eabi.lib : int30.obj (.int30)

.reset     0    0000fffe    00000002     
                  0000fffe    00000002     rts430x_lc_rd_eabi.lib : boot.obj (.reset)

.text      0    00010000    00000884     
                  00010000    000000c2     main.obj (.text:floatToHex)
                  000100c2    000000ba     rts430x_lc_rd_eabi.lib : memory.obj (.text:malloc)
                  0001017c    0000009e     main.obj (.text:main)
                  0001021a    0000008e     rts430x_lc_rd_eabi.lib : fs_div.obj (.text)
                  000102a8    0000007a     sensors.obj (.text:set_acc_scale)
                  00010322    00000074     ble.obj (.text:BLE_setPublicChar)
                  00010396    00000070     uart.obj (.text:UART_Init)
                  00010406    0000006e     rts430x_lc_rd_eabi.lib : autoinit.obj (.text:_auto_init_hold_wdt)
                  00010474    0000006a     sensors.obj (.text:read_acc)
                  000104de    00000066     ble.obj (.text:DEBUG_BLE_Echo_To_Terminal)
                  00010544    00000062     rts430x_lc_rd_eabi.lib : copy_decompress_rle.obj (.text:__TI_decompress_rle_core)
                  000105a6    0000004a     uart.obj (.text:DEBUG_UART_Print)
                  000105f0    00000042     rts430x_lc_rd_eabi.lib : memory.obj (.text:minit)
                  00010632    0000003c     sensors.obj (.text:MPU_Init)
                  0001066e    0000003a     spi.obj (.text:SPI_Init)
                  000106a8    00000036     rts430x_lc_rd_eabi.lib : fs_itof.obj (.text)
                  000106de    00000036     sensors.obj (.text:spi_mpu_mRead)
                  00010714    0000002e     auxiliary.obj (.text:Timer_Init)
                  00010742    0000002e     rts430x_lc_rd_eabi.lib : exit.obj (.text:exit)
                  00010770    00000024                            : copy_zero_init.obj (.text:decompress:ZI:__TI_zero_init)
                  00010794    00000022     main.obj (.text:CLK_Init)
                  000107b6    00000016     sensors.obj (.text:spi_exchg)
                  000107cc    00000014     ble.obj (.text:BLE_startAdvertisement)
                  000107e0    00000014     rts430x_lc_rd_eabi.lib : memcpy.obj (.text:memcpy)
                  000107f4    00000014     sensors.obj (.text:spi_mpu_release)
                  00010808    00000014     sensors.obj (.text:spi_mpu_select)
                  0001081c    00000012     rts430x_lc_rd_eabi.lib : copy_decompress_none.obj (.text:decompress:none:__TI_decompress_none)
                  0001082e    00000012     sensors.obj (.text:spi_mpu_write)
                  00010840    0000000e     sensors.obj (.text:whoami)
                  0001084e    0000000c     ble.obj (.text:BLE_Init)
                  0001085a    0000000a     ble.obj (.text:BLE_turnOn)
                  00010864    00000008     ble.obj (.text:BLE_turnOff)
                  0001086c    00000006     rts430x_lc_rd_eabi.lib : isr_trap.obj (.text:__TI_ISR_TRAP)
                  00010872    00000006                            : copy_decompress_rle.obj (.text:decompress:rle24:__TI_decompress_rle24)
                  00010878    00000004                            : pre_init.obj (.text:_system_pre_init)
                  0001087c    00000004                            : exit.obj (.text:abort)
                  00010880    00000002     i2c.obj (.text:I2C_Init)
                  00010882    00000002     rts430x_lc_rd_eabi.lib : _lock.obj (.text:_nop)


LINKER GENERATED COPY TABLES

__TI_cinit_table @ 0000225e records: 2, size/record: 8, table size: 16
	.data: load addr=00002232, load size=0000001a bytes, run addr=000012b4, run size=0000001c bytes, compression=rle
	.bss: load addr=00002258, load size=00000006 bytes, run addr=00001100, run size=00000164 bytes, compression=zero_init


LINKER GENERATED HANDLER TABLE

__TI_handler_table @ 0000224c records: 3, size/record: 4, table size: 12
	index: 0, handler: __TI_zero_init
	index: 1, handler: __TI_decompress_rle24
	index: 2, handler: __TI_decompress_none


GLOBAL SYMBOLS: SORTED ALPHABETICALLY BY Name 

address    name
--------   ----
000001a0   ADC12CTL0
000001a2   ADC12CTL1
000001a6   ADC12IE
000001a4   ADC12IFG
000001a8   ADC12IV
00000080   ADC12MCTL0
00000081   ADC12MCTL1
0000008a   ADC12MCTL10
0000008b   ADC12MCTL11
0000008c   ADC12MCTL12
0000008d   ADC12MCTL13
0000008e   ADC12MCTL14
0000008f   ADC12MCTL15
00000082   ADC12MCTL2
00000083   ADC12MCTL3
00000084   ADC12MCTL4
00000085   ADC12MCTL5
00000086   ADC12MCTL6
00000087   ADC12MCTL7
00000088   ADC12MCTL8
00000089   ADC12MCTL9
00000140   ADC12MEM0
00000142   ADC12MEM1
00000154   ADC12MEM10
00000156   ADC12MEM11
00000158   ADC12MEM12
0000015a   ADC12MEM13
0000015c   ADC12MEM14
0000015e   ADC12MEM15
00000144   ADC12MEM2
00000146   ADC12MEM3
00000148   ADC12MEM4
0000014a   ADC12MEM5
0000014c   ADC12MEM6
0000014e   ADC12MEM7
00000150   ADC12MEM8
00000152   ADC12MEM9
00000057   BCSCTL1
00000058   BCSCTL2
00000053   BCSCTL3
0001084e   BLE_Init
00010322   BLE_setPublicChar
000107cc   BLE_startAdvertisement
00010864   BLE_turnOff
0001085a   BLE_turnOn
0001087c   C$$EXIT
00000059   CACTL1
0000005a   CACTL2
000010fb   CALBC1_12MHZ
000010f9   CALBC1_16MHZ
000010ff   CALBC1_1MHZ
000010fd   CALBC1_8MHZ
000010fa   CALDCO_12MHZ
000010f8   CALDCO_16MHZ
000010fe   CALDCO_1MHZ
000010fc   CALDCO_8MHZ
0000005b   CAPD
00010794   CLK_Init
000001c0   DAC12_0CTL
000001c8   DAC12_0DAT
000001c2   DAC12_1CTL
000001ca   DAC12_1DAT
00000056   DCOCTL
000104de   DEBUG_BLE_Echo_To_Terminal
000105a6   DEBUG_UART_Print
000001d0   DMA0CTL
000001d6   DMA0DA
000001d6   DMA0DAL
000001d2   DMA0SA
000001d2   DMA0SAL
000001da   DMA0SZ
000001dc   DMA1CTL
000001e2   DMA1DA
000001e2   DMA1DAL
000001de   DMA1SA
000001de   DMA1SAL
000001e6   DMA1SZ
000001e8   DMA2CTL
000001ee   DMA2DA
000001ee   DMA2DAL
000001ea   DMA2SA
000001ea   DMA2SAL
000001f2   DMA2SZ
00000122   DMACTL0
00000124   DMACTL1
00000126   DMAIV
00000128   FCTL1
0000012a   FCTL2
0000012c   FCTL3
000001be   FCTL4
00010880   I2C_Init
00000000   IE1
00000001   IE2
00000002   IFG1
00000003   IFG2
00000134   MAC
00000136   MACS
00010632   MPU_Init
00000130   MPY
00000132   MPYS
00000138   OP2
00000022   P1DIR
00000025   P1IE
00000024   P1IES
00000023   P1IFG
00000020   P1IN
00000021   P1OUT
00000027   P1REN
00000026   P1SEL
0000002a   P2DIR
0000002d   P2IE
0000002c   P2IES
0000002b   P2IFG
00000028   P2IN
00000029   P2OUT
0000002f   P2REN
0000002e   P2SEL
0000001a   P3DIR
00000018   P3IN
00000019   P3OUT
00000010   P3REN
0000001b   P3SEL
0000001e   P4DIR
0000001c   P4IN
0000001d   P4OUT
00000011   P4REN
0000001f   P4SEL
00000032   P5DIR
00000030   P5IN
00000031   P5OUT
00000012   P5REN
00000033   P5SEL
00000036   P6DIR
00000034   P6IN
00000035   P6OUT
00000013   P6REN
00000037   P6SEL
0000003c   P7DIR
00000038   P7IN
0000003a   P7OUT
00000014   P7REN
0000003e   P7SEL
0000003d   P8DIR
00000039   P8IN
0000003b   P8OUT
00000015   P8REN
0000003f   P8SEL
0000003c   PADIR
00000038   PAIN
0000003a   PAOUT
00000014   PAREN
0000003e   PASEL
0000013c   RESHI
0000013a   RESLO
0001066e   SPI_Init
0000013e   SUMEXT
00000055   SVSCTL
00000172   TACCR0
00000174   TACCR1
00000176   TACCR2
00000162   TACCTL0
00000164   TACCTL1
00000166   TACCTL2
00000160   TACTL
0000012e   TAIV
00000170   TAR
00000192   TBCCR0
00000194   TBCCR1
00000196   TBCCR2
00000198   TBCCR3
0000019a   TBCCR4
0000019c   TBCCR5
0000019e   TBCCR6
00000182   TBCCTL0
00000184   TBCCTL1
00000186   TBCCTL2
00000188   TBCCTL3
0000018a   TBCCTL4
0000018c   TBCCTL5
0000018e   TBCCTL6
00000180   TBCTL
0000011e   TBIV
00000190   TBR
000010db   TLV_ADC12_1_LEN
000010da   TLV_ADC12_1_TAG
000010c0   TLV_CHECKSUM
000010f7   TLV_DCO_30_LEN
000010f6   TLV_DCO_30_TAG
0000217c   Timer_A
00010714   Timer_Init
00010396   UART_Init
00000006   UC1IE
00000007   UC1IFG
0000005d   UCA0ABCTL
00000062   UCA0BR0
00000063   UCA0BR1
00000060   UCA0CTL0
00000061   UCA0CTL1
0000005f   UCA0IRRCTL
0000005e   UCA0IRTCTL
00000064   UCA0MCTL
00000066   UCA0RXBUF
00000065   UCA0STAT
00000067   UCA0TXBUF
000000cd   UCA1ABCTL
000000d2   UCA1BR0
000000d3   UCA1BR1
000000d0   UCA1CTL0
000000d1   UCA1CTL1
000000cf   UCA1IRRCTL
000000ce   UCA1IRTCTL
000000d4   UCA1MCTL
000000d6   UCA1RXBUF
000000d5   UCA1STAT
000000d7   UCA1TXBUF
0000006a   UCB0BR0
0000006b   UCB0BR1
00000068   UCB0CTL0
00000069   UCB0CTL1
0000006c   UCB0I2CIE
00000118   UCB0I2COA
0000011a   UCB0I2CSA
0000006e   UCB0RXBUF
0000006d   UCB0STAT
0000006f   UCB0TXBUF
000000da   UCB1BR0
000000db   UCB1BR1
000000d8   UCB1CTL0
000000d9   UCB1CTL1
000000dc   UCB1I2CIE
0000017c   UCB1I2COA
0000017e   UCB1I2CSA
000000de   UCB1RXBUF
000000dd   UCB1STAT
000000df   UCB1TXBUF
00002100   USCI0RX_ISR
00002130   USCI1RX_ISR
00000120   WDTCTL
00002100   __STACK_END
00000050   __STACK_SIZE
00000050   __SYSMEM_SIZE
0000225e   __TI_CINIT_Base
0000226e   __TI_CINIT_Limit
0000224c   __TI_Handler_Table_Base
00002258   __TI_Handler_Table_Limit
UNDEFED    __TI_INITARRAY_Base
UNDEFED    __TI_INITARRAY_Limit
0001086c   __TI_ISR_TRAP
00000001   __TI_args_main
0000124c   __TI_cleanup_ptr
0001081c   __TI_decompress_none
00010872   __TI_decompress_rle24
00001250   __TI_dtors_ptr
00000001   __TI_exit
0000ffc0   __TI_int00
0000ffc2   __TI_int01
0000ffc4   __TI_int02
0000ffc6   __TI_int03
0000ffc8   __TI_int04
0000ffca   __TI_int05
0000ffcc   __TI_int06
0000ffce   __TI_int07
0000ffd0   __TI_int08
0000ffd2   __TI_int09
0000ffd4   __TI_int10
0000ffd6   __TI_int11
0000ffd8   __TI_int12
0000ffda   __TI_int13
0000ffdc   __TI_int14
0000ffde   __TI_int15
0000ffe0   __TI_int16
0000ffe2   __TI_int17
0000ffe4   __TI_int18
0000ffe6   __TI_int19
0000ffe8   __TI_int20
0000ffea   __TI_int21
0000ffec   __TI_int22
0000ffee   __TI_int23
0000fff0   __TI_int24
0000fff2   __TI_int25
0000fff4   __TI_int26
0000fff6   __TI_int27
0000fff8   __TI_int28
0000fffa   __TI_int29
0000fffc   __TI_int30
00010770   __TI_zero_init
ffffffff   __binit__
ffffffff   __c_args__
0001021a   __mspabi_divf
000106a8   __mspabi_fltif
00010406   _auto_init_hold_wdt
00002160   _c_int00
00002160   _c_int00_noargs
000012bc   _lock
00010882   _nop
0000fffe   _reset_vector
000020b0   _stack
00001264   _sys_memory
00010878   _system_pre_init
000012c0   _unlock
0001087c   abort
00001254   acc_divider
00001240   accelerometer_data
ffffffff   binit
000012ca   data1
00001100   data_from_ble
000011a0   data_from_terminal
00010742   exit
00010000   floatToHex
0001017c   main
000100c2   malloc
000107e0   memcpy
000105f0   minit
00010474   read_acc
000012c8   sendData
000102a8   set_acc_scale
000107b6   spi_exchg
000106de   spi_mpu_mRead
000107f4   spi_mpu_release
00010808   spi_mpu_select
0001082e   spi_mpu_write
000012c4   terminal_received
000012c6   terminal_sent
00010840   whoami


GLOBAL SYMBOLS: SORTED BY Symbol Address 

address    name
--------   ----
00000000   IE1
00000001   IE2
00000001   __TI_args_main
00000001   __TI_exit
00000002   IFG1
00000003   IFG2
00000006   UC1IE
00000007   UC1IFG
00000010   P3REN
00000011   P4REN
00000012   P5REN
00000013   P6REN
00000014   P7REN
00000014   PAREN
00000015   P8REN
00000018   P3IN
00000019   P3OUT
0000001a   P3DIR
0000001b   P3SEL
0000001c   P4IN
0000001d   P4OUT
0000001e   P4DIR
0000001f   P4SEL
00000020   P1IN
00000021   P1OUT
00000022   P1DIR
00000023   P1IFG
00000024   P1IES
00000025   P1IE
00000026   P1SEL
00000027   P1REN
00000028   P2IN
00000029   P2OUT
0000002a   P2DIR
0000002b   P2IFG
0000002c   P2IES
0000002d   P2IE
0000002e   P2SEL
0000002f   P2REN
00000030   P5IN
00000031   P5OUT
00000032   P5DIR
00000033   P5SEL
00000034   P6IN
00000035   P6OUT
00000036   P6DIR
00000037   P6SEL
00000038   P7IN
00000038   PAIN
00000039   P8IN
0000003a   P7OUT
0000003a   PAOUT
0000003b   P8OUT
0000003c   P7DIR
0000003c   PADIR
0000003d   P8DIR
0000003e   P7SEL
0000003e   PASEL
0000003f   P8SEL
00000050   __STACK_SIZE
00000050   __SYSMEM_SIZE
00000053   BCSCTL3
00000055   SVSCTL
00000056   DCOCTL
00000057   BCSCTL1
00000058   BCSCTL2
00000059   CACTL1
0000005a   CACTL2
0000005b   CAPD
0000005d   UCA0ABCTL
0000005e   UCA0IRTCTL
0000005f   UCA0IRRCTL
00000060   UCA0CTL0
00000061   UCA0CTL1
00000062   UCA0BR0
00000063   UCA0BR1
00000064   UCA0MCTL
00000065   UCA0STAT
00000066   UCA0RXBUF
00000067   UCA0TXBUF
00000068   UCB0CTL0
00000069   UCB0CTL1
0000006a   UCB0BR0
0000006b   UCB0BR1
0000006c   UCB0I2CIE
0000006d   UCB0STAT
0000006e   UCB0RXBUF
0000006f   UCB0TXBUF
00000080   ADC12MCTL0
00000081   ADC12MCTL1
00000082   ADC12MCTL2
00000083   ADC12MCTL3
00000084   ADC12MCTL4
00000085   ADC12MCTL5
00000086   ADC12MCTL6
00000087   ADC12MCTL7
00000088   ADC12MCTL8
00000089   ADC12MCTL9
0000008a   ADC12MCTL10
0000008b   ADC12MCTL11
0000008c   ADC12MCTL12
0000008d   ADC12MCTL13
0000008e   ADC12MCTL14
0000008f   ADC12MCTL15
000000cd   UCA1ABCTL
000000ce   UCA1IRTCTL
000000cf   UCA1IRRCTL
000000d0   UCA1CTL0
000000d1   UCA1CTL1
000000d2   UCA1BR0
000000d3   UCA1BR1
000000d4   UCA1MCTL
000000d5   UCA1STAT
000000d6   UCA1RXBUF
000000d7   UCA1TXBUF
000000d8   UCB1CTL0
000000d9   UCB1CTL1
000000da   UCB1BR0
000000db   UCB1BR1
000000dc   UCB1I2CIE
000000dd   UCB1STAT
000000de   UCB1RXBUF
000000df   UCB1TXBUF
00000118   UCB0I2COA
0000011a   UCB0I2CSA
0000011e   TBIV
00000120   WDTCTL
00000122   DMACTL0
00000124   DMACTL1
00000126   DMAIV
00000128   FCTL1
0000012a   FCTL2
0000012c   FCTL3
0000012e   TAIV
00000130   MPY
00000132   MPYS
00000134   MAC
00000136   MACS
00000138   OP2
0000013a   RESLO
0000013c   RESHI
0000013e   SUMEXT
00000140   ADC12MEM0
00000142   ADC12MEM1
00000144   ADC12MEM2
00000146   ADC12MEM3
00000148   ADC12MEM4
0000014a   ADC12MEM5
0000014c   ADC12MEM6
0000014e   ADC12MEM7
00000150   ADC12MEM8
00000152   ADC12MEM9
00000154   ADC12MEM10
00000156   ADC12MEM11
00000158   ADC12MEM12
0000015a   ADC12MEM13
0000015c   ADC12MEM14
0000015e   ADC12MEM15
00000160   TACTL
00000162   TACCTL0
00000164   TACCTL1
00000166   TACCTL2
00000170   TAR
00000172   TACCR0
00000174   TACCR1
00000176   TACCR2
0000017c   UCB1I2COA
0000017e   UCB1I2CSA
00000180   TBCTL
00000182   TBCCTL0
00000184   TBCCTL1
00000186   TBCCTL2
00000188   TBCCTL3
0000018a   TBCCTL4
0000018c   TBCCTL5
0000018e   TBCCTL6
00000190   TBR
00000192   TBCCR0
00000194   TBCCR1
00000196   TBCCR2
00000198   TBCCR3
0000019a   TBCCR4
0000019c   TBCCR5
0000019e   TBCCR6
000001a0   ADC12CTL0
000001a2   ADC12CTL1
000001a4   ADC12IFG
000001a6   ADC12IE
000001a8   ADC12IV
000001be   FCTL4
000001c0   DAC12_0CTL
000001c2   DAC12_1CTL
000001c8   DAC12_0DAT
000001ca   DAC12_1DAT
000001d0   DMA0CTL
000001d2   DMA0SA
000001d2   DMA0SAL
000001d6   DMA0DA
000001d6   DMA0DAL
000001da   DMA0SZ
000001dc   DMA1CTL
000001de   DMA1SA
000001de   DMA1SAL
000001e2   DMA1DA
000001e2   DMA1DAL
000001e6   DMA1SZ
000001e8   DMA2CTL
000001ea   DMA2SA
000001ea   DMA2SAL
000001ee   DMA2DA
000001ee   DMA2DAL
000001f2   DMA2SZ
000010c0   TLV_CHECKSUM
000010da   TLV_ADC12_1_TAG
000010db   TLV_ADC12_1_LEN
000010f6   TLV_DCO_30_TAG
000010f7   TLV_DCO_30_LEN
000010f8   CALDCO_16MHZ
000010f9   CALBC1_16MHZ
000010fa   CALDCO_12MHZ
000010fb   CALBC1_12MHZ
000010fc   CALDCO_8MHZ
000010fd   CALBC1_8MHZ
000010fe   CALDCO_1MHZ
000010ff   CALBC1_1MHZ
00001100   data_from_ble
000011a0   data_from_terminal
00001240   accelerometer_data
0000124c   __TI_cleanup_ptr
00001250   __TI_dtors_ptr
00001254   acc_divider
00001264   _sys_memory
000012bc   _lock
000012c0   _unlock
000012c4   terminal_received
000012c6   terminal_sent
000012c8   sendData
000012ca   data1
000020b0   _stack
00002100   USCI0RX_ISR
00002100   __STACK_END
00002130   USCI1RX_ISR
00002160   _c_int00
00002160   _c_int00_noargs
0000217c   Timer_A
0000224c   __TI_Handler_Table_Base
00002258   __TI_Handler_Table_Limit
0000225e   __TI_CINIT_Base
0000226e   __TI_CINIT_Limit
0000ffc0   __TI_int00
0000ffc2   __TI_int01
0000ffc4   __TI_int02
0000ffc6   __TI_int03
0000ffc8   __TI_int04
0000ffca   __TI_int05
0000ffcc   __TI_int06
0000ffce   __TI_int07
0000ffd0   __TI_int08
0000ffd2   __TI_int09
0000ffd4   __TI_int10
0000ffd6   __TI_int11
0000ffd8   __TI_int12
0000ffda   __TI_int13
0000ffdc   __TI_int14
0000ffde   __TI_int15
0000ffe0   __TI_int16
0000ffe2   __TI_int17
0000ffe4   __TI_int18
0000ffe6   __TI_int19
0000ffe8   __TI_int20
0000ffea   __TI_int21
0000ffec   __TI_int22
0000ffee   __TI_int23
0000fff0   __TI_int24
0000fff2   __TI_int25
0000fff4   __TI_int26
0000fff6   __TI_int27
0000fff8   __TI_int28
0000fffa   __TI_int29
0000fffc   __TI_int30
0000fffe   _reset_vector
00010000   floatToHex
000100c2   malloc
0001017c   main
0001021a   __mspabi_divf
000102a8   set_acc_scale
00010322   BLE_setPublicChar
00010396   UART_Init
00010406   _auto_init_hold_wdt
00010474   read_acc
000104de   DEBUG_BLE_Echo_To_Terminal
000105a6   DEBUG_UART_Print
000105f0   minit
00010632   MPU_Init
0001066e   SPI_Init
000106a8   __mspabi_fltif
000106de   spi_mpu_mRead
00010714   Timer_Init
00010742   exit
00010770   __TI_zero_init
00010794   CLK_Init
000107b6   spi_exchg
000107cc   BLE_startAdvertisement
000107e0   memcpy
000107f4   spi_mpu_release
00010808   spi_mpu_select
0001081c   __TI_decompress_none
0001082e   spi_mpu_write
00010840   whoami
0001084e   BLE_Init
0001085a   BLE_turnOn
00010864   BLE_turnOff
0001086c   __TI_ISR_TRAP
00010872   __TI_decompress_rle24
00010878   _system_pre_init
0001087c   C$$EXIT
0001087c   abort
00010880   I2C_Init
00010882   _nop
ffffffff   __binit__
ffffffff   __c_args__
ffffffff   binit
UNDEFED    __TI_INITARRAY_Base
UNDEFED    __TI_INITARRAY_Limit

[324 symbols]
